******************************************************************************
                  TI ARM Linker PC v18.1.6                     
******************************************************************************
>> Linked Fri Jul  5 00:11:53 2019

OUTPUT FILE NAME:   <Can_Node.out>
ENTRY POINT SYMBOL: "_c_int00_noargs"  address: 00002d5d


MEMORY CONFIGURATION

         name            origin    length      used     unused   attr    fill
----------------------  --------  ---------  --------  --------  ----  --------
  FLASH                 00000000   00040000  00003036  0003cfca  R  X
  SRAM                  20000000   00008000  00005144  00002ebc  RW X


SEGMENT ALLOCATION MAP

run origin  load origin   length   init length attrs members
----------  ----------- ---------- ----------- ----- -------
00000000    00000000    00003038   00003038    r-x
  00000000    00000000    0000026c   0000026c    r-- .intvecs
  0000026c    0000026c    00002c66   00002c66    r-x .text
  00002ed4    00002ed4    00000124   00000124    r-- .const
  00002ff8    00002ff8    00000040   00000040    r-- .cinit
20000000    20000000    00005144   00000000    rw-
  20000000    20000000    00004ef0   00000000    rw- .bss
  20004ef0    20004ef0    00000200   00000000    rw- .stack
  200050f0    200050f0    00000054   00000000    rw- .data


SECTION ALLOCATION MAP

 output                                  attributes/
section   page    origin      length       input sections
--------  ----  ----------  ----------   ----------------
.intvecs   0    00000000    0000026c     
                  00000000    0000026c     tm4c123gh6pm_startup_ccs.obj (.intvecs)

.text      0    0000026c    00002c66     
                  0000026c    00001b1c     tasks.obj (.text)
                  00001d88    000001c4     port.obj (.text)
                  00001f4c    000001ac     main.obj (.text)
                  000020f8    00000136     driverlib.lib : can.obj (.text:CANMessageSet)
                  0000222e    00000132                   : gpio.obj (.text:GPIOPadConfigSet)
                  00002360    00000132     list.obj (.text)
                  00002492    00000002     --HOLE-- [fill = 0]
                  00002494    00000110     Can_Driver.obj (.text)
                  000025a4    00000110     driverlib.lib : sysctl.obj (.text:SysCtlClockGet)
                  000026b4    0000010e                   : can.obj (.text:CANMessageGet)
                  000027c2    00000002     --HOLE-- [fill = 0]
                  000027c4    000000f4                   : sysctl.obj (.text:SysCtlClockSet)
                  000028b8    000000da     portasm.obj (.text)
                  00002992    00000002     --HOLE-- [fill = 0]
                  00002994    0000009c     heap_1.obj (.text)
                  00002a30    0000009c     rtsv7M4_T_le_v4SPD16_eabi.lib : memcpy_t2.asm.obj (.text)
                  00002acc    0000007a                                   : memset_t2.asm.obj (.text)
                  00002b46    00000002     --HOLE-- [fill = 0]
                  00002b48    0000006c     driverlib.lib : can.obj (.text:CANBitRateSet)
                  00002bb4    00000068     rtsv7M4_T_le_v4SPD16_eabi.lib : copy_decompress_lzss.c.obj (.text:decompress:lzss:__TI_decompress_lzss)
                  00002c1c    00000048     driverlib.lib : gpio.obj (.text:GPIOPinConfigure)
                  00002c64    00000044     rtsv7M4_T_le_v4SPD16_eabi.lib : autoinit.c.obj (.text:__TI_auto_init_nobinit_nopinit:__TI_auto_init_nobinit_nopinit)
                  00002ca8    00000040     driverlib.lib : can.obj (.text:CANStatusGet)
                  00002ce8    0000003a                   : can.obj (.text:CANInit)
                  00002d22    00000002     --HOLE-- [fill = 0]
                  00002d24    00000038                   : sysctl.obj (.text:SysCtlPeripheralReady)
                  00002d5c    00000038     rtsv7M4_T_le_v4SPD16_eabi.lib : boot_cortex_m.c.obj (.text:_c_int00_noargs:_c_int00_noargs)
                  00002d94    00000034     driverlib.lib : sysctl.obj (.text:SysCtlPeripheralEnable)
                  00002dc8    0000002a                   : gpio.obj (.text:GPIODirModeSet)
                  00002df2    0000002a                   : can.obj (.text:_CANDataRegRead)
                  00002e1c    00000024     DIO.obj (.text)
                  00002e40    00000024     driverlib.lib : can.obj (.text:_CANDataRegWrite)
                  00002e64    00000018                   : gpio.obj (.text:GPIOPinTypeGPIOOutput)
                  00002e7c    00000012                   : gpio.obj (.text:GPIOPinTypeCAN)
                  00002e8e    0000000e     rtsv7M4_T_le_v4SPD16_eabi.lib : copy_decompress_none.c.obj (.text:decompress:none:__TI_decompress_none)
                  00002e9c    0000000c                                   : copy_zero_init.c.obj (.text:decompress:ZI:__TI_zero_init)
                  00002ea8    0000000c     tm4c123gh6pm_startup_ccs.obj (.text)
                  00002eb4    0000000a     driverlib.lib : can.obj (.text:CANEnable)
                  00002ebe    00000006                   : gpio.obj (.text:GPIOPinWrite)
                  00002ec4    00000006                   : sysctl.obj (.text:SysCtlDelay)
                  00002eca    00000004     rtsv7M4_T_le_v4SPD16_eabi.lib : pre_init.c.obj (.text:_system_pre_init)
                  00002ece    00000004                                   : exit.c.obj (.text:abort:abort)

.const     0    00002ed4    00000124     
                  00002ed4    00000090     driverlib.lib : gpio.obj (.const:g_pui32GPIOBaseAddrs)
                  00002f64    0000006c                   : sysctl.obj (.const:g_pui32Xtals)
                  00002fd0    00000020                   : can.obj (.const)
                  00002ff0    00000008     port.obj (.const)

.cinit     0    00002ff8    00000040     
                  00002ff8    00000017     (.cinit..data.load) [load image, compression = lzss]
                  0000300f    00000001     --HOLE-- [fill = 0]
                  00003010    0000000c     (__TI_handler_table)
                  0000301c    00000004     --HOLE-- [fill = 0]
                  00003020    00000008     (.cinit..bss.load) [load image, compression = zero_init]
                  00003028    00000010     (__TI_cinit_table)

.init_array 
*          0    00000000    00000000     UNINITIALIZED

.bss       0    20000000    00004ef0     UNINITIALIZED
                  20000000    00004e20     heap_1.obj (.bss:ucHeap)
                  20004e20    00000064     tasks.obj (.bss:pxReadyTasksLists)
                  20004e84    00000014     tasks.obj (.bss:xDelayedTaskList1)
                  20004e98    00000014     tasks.obj (.bss:xDelayedTaskList2)
                  20004eac    00000014     tasks.obj (.bss:xPendingReadyList)
                  20004ec0    00000014     tasks.obj (.bss:xSuspendedTaskList)
                  20004ed4    00000014     tasks.obj (.bss:xTasksWaitingTermination)
                  20004ee8    00000008     tasks.obj (.bss)

.data      0    200050f0    00000054     UNINITIALIZED
                  200050f0    00000034     tasks.obj (.data)
                  20005124    0000000c     main.obj (.data)
                  20005130    0000000c     port.obj (.data)
                  2000513c    00000008     heap_1.obj (.data)

.stack     0    20004ef0    00000200     UNINITIALIZED
                  20004ef0    00000004     rtsv7M4_T_le_v4SPD16_eabi.lib : boot_cortex_m.c.obj (.stack)
                  20004ef4    000001fc     --HOLE--

MODULE SUMMARY

       Module                         code    ro data   rw data
       ------                         ----    -------   -------
    .\
       tm4c123gh6pm_startup_ccs.obj   12      620       0      
       main.obj                       428     0         12     
    +--+------------------------------+-------+---------+---------+
       Total:                         440     620       12     
                                                               
    .\MCAL\Can\
       Can_Driver.obj                 272     0         0      
    +--+------------------------------+-------+---------+---------+
       Total:                         272     0         0      
                                                               
    .\MCAL\DIO\
       DIO.obj                        36      0         0      
    +--+------------------------------+-------+---------+---------+
       Total:                         36      0         0      
                                                               
    .\RTOS\
       heap_1.obj                     156     0         20008  
       tasks.obj                      6940    0         260    
       port.obj                       452     8         12     
       list.obj                       306     0         0      
       portasm.obj                    218     0         0      
    +--+------------------------------+-------+---------+---------+
       Total:                         8072    8         20280  
                                                               
    C:/ti/TivaWare_C_Series-2.1.4.178/driverlib/ccs/Debug/driverlib.lib
       can.obj                        898     32        0      
       sysctl.obj                     630     108       0      
       gpio.obj                       468     144       0      
    +--+------------------------------+-------+---------+---------+
       Total:                         1996    284       0      
                                                               
    C:\ti\ccsv8\tools\compiler\ti-cgt-arm_18.1.6.LTS\lib\rtsv7M4_T_le_v4SPD16_eabi.lib
       memcpy_t2.asm.obj              156     0         0      
       memset_t2.asm.obj              122     0         0      
       copy_decompress_lzss.c.obj     104     0         0      
       autoinit.c.obj                 68      0         0      
       boot_cortex_m.c.obj            56      0         0      
       copy_decompress_none.c.obj     14      0         0      
       copy_zero_init.c.obj           12      0         0      
       exit.c.obj                     4       0         0      
       pre_init.c.obj                 4       0         0      
    +--+------------------------------+-------+---------+---------+
       Total:                         540     0         0      
                                                               
       Stack:                         0       0         512    
       Linker Generated:              0       59        0      
    +--+------------------------------+-------+---------+---------+
       Grand Total:                   11356   971       20804  


LINKER GENERATED COPY TABLES

__TI_cinit_table @ 00003028 records: 2, size/record: 8, table size: 16
	.data: load addr=00002ff8, load size=00000017 bytes, run addr=200050f0, run size=00000054 bytes, compression=lzss
	.bss: load addr=00003020, load size=00000008 bytes, run addr=20000000, run size=00004ef0 bytes, compression=zero_init


LINKER GENERATED HANDLER TABLE

__TI_handler_table @ 00003010 records: 3, size/record: 4, table size: 12
	index: 0, handler: __TI_decompress_lzss
	index: 1, handler: __TI_decompress_none
	index: 2, handler: __TI_zero_init


GLOBAL SYMBOLS: SORTED ALPHABETICALLY BY Name 

address   name                               
-------   ----                               
00002ecf  C$$EXIT                            
00002b49  CANBitRateSet                      
00002eb5  CANEnable                          
00002ce9  CANInit                            
000026b5  CANMessageGet                      
000020f9  CANMessageSet                      
00002ca9  CANStatusGet                       
00002495  Can_Initalization                  
000024e7  Can_Recieve                        
00002dc9  GPIODirModeSet                     
0000222f  GPIOPadConfigSet                   
00002c1d  GPIOPinConfigure                   
00002e7d  GPIOPinTypeCAN                     
00002e65  GPIOPinTypeGPIOOutput              
00002ebf  GPIOPinWrite                       
00002e1d  Led_Initalization                  
00002ea9  ResetISR                           
000025a5  SysCtlClockGet                     
000027c5  SysCtlClockSet                     
00002ec5  SysCtlDelay                        
00002d95  SysCtlPeripheralEnable             
00002d25  SysCtlPeripheralReady              
00002549  VidMCAN_Transmit                   
200050f0  __STACK_END                        
00000200  __STACK_SIZE                       
200050f0  __STACK_TOP                        
00003028  __TI_CINIT_Base                    
00003038  __TI_CINIT_Limit                   
00003010  __TI_Handler_Table_Base            
0000301c  __TI_Handler_Table_Limit           
00002c65  __TI_auto_init_nobinit_nopinit     
00002bb5  __TI_decompress_lzss               
00002e8f  __TI_decompress_none               
ffffffff  __TI_pprof_out_hndl                
ffffffff  __TI_prof_data_size                
ffffffff  __TI_prof_data_start               
00000000  __TI_static_base__                 
00002e9d  __TI_zero_init                     
00002acd  __aeabi_memclr                     
00002acd  __aeabi_memclr4                    
00002acd  __aeabi_memclr8                    
00002a31  __aeabi_memcpy                     
00002a31  __aeabi_memcpy4                    
00002a31  __aeabi_memcpy8                    
00002acf  __aeabi_memset                     
00002acf  __aeabi_memset4                    
00002acf  __aeabi_memset8                    
ffffffff  __binit__                          
ffffffff  __c_args__                         
UNDEFED   __mpu_init                         
20004ef0  __stack                            
00002d5d  _c_int00_noargs                    
UNDEFED   _system_post_cinit                 
00002ecb  _system_pre_init                   
00002ecf  abort                              
ffffffff  binit                              
00000605  eTaskGetState                      
00000000  g_pfnVectors                       
00001f4d  main                               
00002a31  memcpy                             
00002ad5  memset                             
00000c0b  pcTaskGetName                      
00002995  pvPortMalloc                       
00001879  pvTaskIncrementMutexHeldCount      
200050f0  pxCurrentTCB                       
00001d89  pxPortInitialiseStack              
00002ff0  ulMaxSyscallInterruptPriority      
000028c9  ulPortGetIPSR                      
00001899  ulTaskNotifyTake                   
0000244b  uxListRemove                       
00000c05  uxTaskGetNumberOfTasks             
0000157d  uxTaskGetStackHighWaterMark        
00000d9d  uxTaskGetSystemState               
000012e7  uxTaskGetTaskNumber                
000006b1  uxTaskPriorityGet                  
000006e1  uxTaskPriorityGetFromISR           
0000184d  uxTaskResetEventItemValue          
00001fbb  vInitialization_Task               
0000207b  vLed_task                          
00002361  vListInitialise                    
00002391  vListInitialiseItem                
000023dd  vListInsert                        
000023a1  vListInsertEnd                     
00002011  vNormal_state                      
00002985  vPortEnableVFP                     
00001e87  vPortEndScheduler                  
00001e89  vPortEnterCritical                 
00001ea9  vPortExitCritical                  
00002a05  vPortFree                          
00002a0f  vPortInitialiseBlocks              
00002941  vPortSVCHandler                    
00001ee5  vPortSetupTimerInterrupt           
00002961  vPortStartFirstTask                
00001f01  vPortValidateInterruptPriority     
00001fd3  vStartup_state                     
000005c1  vTaskDelay                         
00000513  vTaskDelayUntil                    
00000483  vTaskDelete                        
00000a9f  vTaskEndScheduler                  
000013e9  vTaskGetInfo                       
00001219  vTaskInternalSetTimeOutState       
000012df  vTaskMissedYield                   
00001bcd  vTaskNotifyGiveFromISR             
000010a3  vTaskPlaceOnEventList              
000010c3  vTaskPlaceOnUnorderedEventList     
00001795  vTaskPriorityDisinheritAfterTimeout
00000731  vTaskPrioritySet                   
00001189  vTaskRemoveFromUnorderedEventList  
00000939  vTaskResume                        
00001307  vTaskSetTaskNumber                 
000011f1  vTaskSetTimeOutState               
00000a55  vTaskStartScheduler                
00000845  vTaskSuspend                       
00000abb  vTaskSuspendAll                    
0000101d  vTaskSwitchContext                 
00002a17  xPortGetFreeHeapSize               
000028e1  xPortPendSVHandler                 
00001df3  xPortStartScheduler                
00001ebf  xPortSysTickHandler                
00000e7d  xTaskAbortDelay                    
00001239  xTaskCheckForTimeOut               
0000026d  xTaskCreate                        
000019cb  xTaskGenericNotify                 
00001abd  xTaskGenericNotifyFromISR          
000015f5  xTaskGetCurrentTaskHandle          
00000d11  xTaskGetHandle                     
00000e6f  xTaskGetIdleTaskHandle             
00001621  xTaskGetSchedulerState             
00000bb9  xTaskGetTickCount                  
00000bd1  xTaskGetTickCountFromISR           
00000f09  xTaskIncrementTick                 
00001c81  xTaskNotifyStateClear              
00001921  xTaskNotifyWait                    
0000170f  xTaskPriorityDisinherit            
00001651  xTaskPriorityInherit               
000010f9  xTaskRemoveFromEventList           
00000ad1  xTaskResumeAll                     
000009b7  xTaskResumeFromISR                 


GLOBAL SYMBOLS: SORTED BY Symbol Address 

address   name                               
-------   ----                               
00000000  __TI_static_base__                 
00000000  g_pfnVectors                       
00000200  __STACK_SIZE                       
0000026d  xTaskCreate                        
00000483  vTaskDelete                        
00000513  vTaskDelayUntil                    
000005c1  vTaskDelay                         
00000605  eTaskGetState                      
000006b1  uxTaskPriorityGet                  
000006e1  uxTaskPriorityGetFromISR           
00000731  vTaskPrioritySet                   
00000845  vTaskSuspend                       
00000939  vTaskResume                        
000009b7  xTaskResumeFromISR                 
00000a55  vTaskStartScheduler                
00000a9f  vTaskEndScheduler                  
00000abb  vTaskSuspendAll                    
00000ad1  xTaskResumeAll                     
00000bb9  xTaskGetTickCount                  
00000bd1  xTaskGetTickCountFromISR           
00000c05  uxTaskGetNumberOfTasks             
00000c0b  pcTaskGetName                      
00000d11  xTaskGetHandle                     
00000d9d  uxTaskGetSystemState               
00000e6f  xTaskGetIdleTaskHandle             
00000e7d  xTaskAbortDelay                    
00000f09  xTaskIncrementTick                 
0000101d  vTaskSwitchContext                 
000010a3  vTaskPlaceOnEventList              
000010c3  vTaskPlaceOnUnorderedEventList     
000010f9  xTaskRemoveFromEventList           
00001189  vTaskRemoveFromUnorderedEventList  
000011f1  vTaskSetTimeOutState               
00001219  vTaskInternalSetTimeOutState       
00001239  xTaskCheckForTimeOut               
000012df  vTaskMissedYield                   
000012e7  uxTaskGetTaskNumber                
00001307  vTaskSetTaskNumber                 
000013e9  vTaskGetInfo                       
0000157d  uxTaskGetStackHighWaterMark        
000015f5  xTaskGetCurrentTaskHandle          
00001621  xTaskGetSchedulerState             
00001651  xTaskPriorityInherit               
0000170f  xTaskPriorityDisinherit            
00001795  vTaskPriorityDisinheritAfterTimeout
0000184d  uxTaskResetEventItemValue          
00001879  pvTaskIncrementMutexHeldCount      
00001899  ulTaskNotifyTake                   
00001921  xTaskNotifyWait                    
000019cb  xTaskGenericNotify                 
00001abd  xTaskGenericNotifyFromISR          
00001bcd  vTaskNotifyGiveFromISR             
00001c81  xTaskNotifyStateClear              
00001d89  pxPortInitialiseStack              
00001df3  xPortStartScheduler                
00001e87  vPortEndScheduler                  
00001e89  vPortEnterCritical                 
00001ea9  vPortExitCritical                  
00001ebf  xPortSysTickHandler                
00001ee5  vPortSetupTimerInterrupt           
00001f01  vPortValidateInterruptPriority     
00001f4d  main                               
00001fbb  vInitialization_Task               
00001fd3  vStartup_state                     
00002011  vNormal_state                      
0000207b  vLed_task                          
000020f9  CANMessageSet                      
0000222f  GPIOPadConfigSet                   
00002361  vListInitialise                    
00002391  vListInitialiseItem                
000023a1  vListInsertEnd                     
000023dd  vListInsert                        
0000244b  uxListRemove                       
00002495  Can_Initalization                  
000024e7  Can_Recieve                        
00002549  VidMCAN_Transmit                   
000025a5  SysCtlClockGet                     
000026b5  CANMessageGet                      
000027c5  SysCtlClockSet                     
000028c9  ulPortGetIPSR                      
000028e1  xPortPendSVHandler                 
00002941  vPortSVCHandler                    
00002961  vPortStartFirstTask                
00002985  vPortEnableVFP                     
00002995  pvPortMalloc                       
00002a05  vPortFree                          
00002a0f  vPortInitialiseBlocks              
00002a17  xPortGetFreeHeapSize               
00002a31  __aeabi_memcpy                     
00002a31  __aeabi_memcpy4                    
00002a31  __aeabi_memcpy8                    
00002a31  memcpy                             
00002acd  __aeabi_memclr                     
00002acd  __aeabi_memclr4                    
00002acd  __aeabi_memclr8                    
00002acf  __aeabi_memset                     
00002acf  __aeabi_memset4                    
00002acf  __aeabi_memset8                    
00002ad5  memset                             
00002b49  CANBitRateSet                      
00002bb5  __TI_decompress_lzss               
00002c1d  GPIOPinConfigure                   
00002c65  __TI_auto_init_nobinit_nopinit     
00002ca9  CANStatusGet                       
00002ce9  CANInit                            
00002d25  SysCtlPeripheralReady              
00002d5d  _c_int00_noargs                    
00002d95  SysCtlPeripheralEnable             
00002dc9  GPIODirModeSet                     
00002e1d  Led_Initalization                  
00002e65  GPIOPinTypeGPIOOutput              
00002e7d  GPIOPinTypeCAN                     
00002e8f  __TI_decompress_none               
00002e9d  __TI_zero_init                     
00002ea9  ResetISR                           
00002eb5  CANEnable                          
00002ebf  GPIOPinWrite                       
00002ec5  SysCtlDelay                        
00002ecb  _system_pre_init                   
00002ecf  C$$EXIT                            
00002ecf  abort                              
00002ff0  ulMaxSyscallInterruptPriority      
00003010  __TI_Handler_Table_Base            
0000301c  __TI_Handler_Table_Limit           
00003028  __TI_CINIT_Base                    
00003038  __TI_CINIT_Limit                   
20004ef0  __stack                            
200050f0  __STACK_END                        
200050f0  __STACK_TOP                        
200050f0  pxCurrentTCB                       
ffffffff  __TI_pprof_out_hndl                
ffffffff  __TI_prof_data_size                
ffffffff  __TI_prof_data_start               
ffffffff  __binit__                          
ffffffff  __c_args__                         
ffffffff  binit                              
UNDEFED   __mpu_init                         
UNDEFED   _system_post_cinit                 

[138 symbols]
