<?xml version="1.0" encoding="ISO-8859-1" ?>
<link_info>
   <banner>TI ARM Linker PC v18.1.6.LTS</banner>
   <copyright>Copyright (c) 1996-2018 Texas Instruments Incorporated</copyright>
   <link_time>0x5d1e79a9</link_time>
   <link_errors>0x0</link_errors>
   <output_file>Can_Node.out</output_file>
   <entry_point>
      <name>_c_int00_noargs</name>
      <address>0x2d5d</address>
   </entry_point>
   <input_file_list>
      <input_file id="fl-2">
         <path>.\</path>
         <kind>object</kind>
         <file>main.obj</file>
         <name>main.obj</name>
      </input_file>
      <input_file id="fl-3">
         <path>.\</path>
         <kind>object</kind>
         <file>tm4c123gh6pm_startup_ccs.obj</file>
         <name>tm4c123gh6pm_startup_ccs.obj</name>
      </input_file>
      <input_file id="fl-4">
         <path>.\MCAL\Can\</path>
         <kind>object</kind>
         <file>Can_Driver.obj</file>
         <name>Can_Driver.obj</name>
      </input_file>
      <input_file id="fl-5">
         <path>.\MCAL\DIO\</path>
         <kind>object</kind>
         <file>DIO.obj</file>
         <name>DIO.obj</name>
      </input_file>
      <input_file id="fl-6">
         <path>.\RTOS\</path>
         <kind>object</kind>
         <file>heap_1.obj</file>
         <name>heap_1.obj</name>
      </input_file>
      <input_file id="fl-7">
         <path>.\RTOS\</path>
         <kind>object</kind>
         <file>list.obj</file>
         <name>list.obj</name>
      </input_file>
      <input_file id="fl-8">
         <path>.\RTOS\</path>
         <kind>object</kind>
         <file>port.obj</file>
         <name>port.obj</name>
      </input_file>
      <input_file id="fl-9">
         <path>.\RTOS\</path>
         <kind>object</kind>
         <file>portasm.obj</file>
         <name>portasm.obj</name>
      </input_file>
      <input_file id="fl-a">
         <path>.\RTOS\</path>
         <kind>object</kind>
         <file>queue.obj</file>
         <name>queue.obj</name>
      </input_file>
      <input_file id="fl-b">
         <path>.\RTOS\</path>
         <kind>object</kind>
         <file>tasks.obj</file>
         <name>tasks.obj</name>
      </input_file>
      <input_file id="fl-10">
         <kind>object</kind>
         <file>&lt;internal&gt;</file>
         <name>&lt;internal&gt;</name>
      </input_file>
      <input_file id="fl-c6">
         <path>C:\ti\ccsv8\tools\compiler\ti-cgt-arm_18.1.6.LTS\lib\</path>
         <kind>archive</kind>
         <file>rtsv7M4_T_le_v4SPD16_eabi.lib</file>
         <name>memset_t2.asm.obj</name>
      </input_file>
      <input_file id="fl-c7">
         <path>C:\ti\ccsv8\tools\compiler\ti-cgt-arm_18.1.6.LTS\lib\</path>
         <kind>archive</kind>
         <file>rtsv7M4_T_le_v4SPD16_eabi.lib</file>
         <name>memcpy_t2.asm.obj</name>
      </input_file>
      <input_file id="fl-c8">
         <path>C:\ti\ccsv8\tools\compiler\ti-cgt-arm_18.1.6.LTS\lib\</path>
         <kind>archive</kind>
         <file>rtsv7M4_T_le_v4SPD16_eabi.lib</file>
         <name>copy_zero_init.c.obj</name>
      </input_file>
      <input_file id="fl-c9">
         <path>C:\ti\ccsv8\tools\compiler\ti-cgt-arm_18.1.6.LTS\lib\</path>
         <kind>archive</kind>
         <file>rtsv7M4_T_le_v4SPD16_eabi.lib</file>
         <name>copy_decompress_none.c.obj</name>
      </input_file>
      <input_file id="fl-ca">
         <path>C:\ti\ccsv8\tools\compiler\ti-cgt-arm_18.1.6.LTS\lib\</path>
         <kind>archive</kind>
         <file>rtsv7M4_T_le_v4SPD16_eabi.lib</file>
         <name>copy_decompress_lzss.c.obj</name>
      </input_file>
      <input_file id="fl-cb">
         <path>C:\ti\ccsv8\tools\compiler\ti-cgt-arm_18.1.6.LTS\lib\</path>
         <kind>archive</kind>
         <file>rtsv7M4_T_le_v4SPD16_eabi.lib</file>
         <name>boot_cortex_m.c.obj</name>
      </input_file>
      <input_file id="fl-cc">
         <path>C:\ti\ccsv8\tools\compiler\ti-cgt-arm_18.1.6.LTS\lib\</path>
         <kind>archive</kind>
         <file>rtsv7M4_T_le_v4SPD16_eabi.lib</file>
         <name>autoinit.c.obj</name>
      </input_file>
      <input_file id="fl-cd">
         <path>C:\ti\ccsv8\tools\compiler\ti-cgt-arm_18.1.6.LTS\lib\</path>
         <kind>archive</kind>
         <file>rtsv7M4_T_le_v4SPD16_eabi.lib</file>
         <name>pre_init.c.obj</name>
      </input_file>
      <input_file id="fl-ce">
         <path>C:\ti\ccsv8\tools\compiler\ti-cgt-arm_18.1.6.LTS\lib\</path>
         <kind>archive</kind>
         <file>rtsv7M4_T_le_v4SPD16_eabi.lib</file>
         <name>cpy_tbl.c.obj</name>
      </input_file>
      <input_file id="fl-cf">
         <path>C:\ti\ccsv8\tools\compiler\ti-cgt-arm_18.1.6.LTS\lib\</path>
         <kind>archive</kind>
         <file>rtsv7M4_T_le_v4SPD16_eabi.lib</file>
         <name>exit.c.obj</name>
      </input_file>
      <input_file id="fl-d0">
         <path>C:\ti\ccsv8\tools\compiler\ti-cgt-arm_18.1.6.LTS\lib\</path>
         <kind>archive</kind>
         <file>rtsv7M4_T_le_v4SPD16_eabi.lib</file>
         <name>_lock.c.obj</name>
      </input_file>
      <input_file id="fl-d1">
         <path>C:\ti\ccsv8\tools\compiler\ti-cgt-arm_18.1.6.LTS\lib\</path>
         <kind>archive</kind>
         <file>rtsv7M4_T_le_v4SPD16_eabi.lib</file>
         <name>args_main.c.obj</name>
      </input_file>
      <input_file id="fl-d2">
         <path>C:\ti\TivaWare_C_Series-2.1.4.178\driverlib\ccs\Debug\</path>
         <kind>archive</kind>
         <file>driverlib.lib</file>
         <name>can.obj</name>
      </input_file>
      <input_file id="fl-d3">
         <path>C:\ti\TivaWare_C_Series-2.1.4.178\driverlib\ccs\Debug\</path>
         <kind>archive</kind>
         <file>driverlib.lib</file>
         <name>gpio.obj</name>
      </input_file>
      <input_file id="fl-d4">
         <path>C:\ti\TivaWare_C_Series-2.1.4.178\driverlib\ccs\Debug\</path>
         <kind>archive</kind>
         <file>driverlib.lib</file>
         <name>interrupt.obj</name>
      </input_file>
      <input_file id="fl-d5">
         <path>C:\ti\TivaWare_C_Series-2.1.4.178\driverlib\ccs\Debug\</path>
         <kind>archive</kind>
         <file>driverlib.lib</file>
         <name>sysctl.obj</name>
      </input_file>
      <input_file id="fl-d6">
         <path>C:\ti\TivaWare_C_Series-2.1.4.178\driverlib\ccs\Debug\</path>
         <kind>archive</kind>
         <file>driverlib.lib</file>
         <name>cpu.obj</name>
      </input_file>
   </input_file_list>
   <object_component_list>
      <object_component id="oc-f">
         <name>.intvecs</name>
         <load_address>0x0</load_address>
         <run_address>0x0</run_address>
         <size>0x26c</size>
         <input_file_ref idref="fl-3"/>
      </object_component>
      <object_component id="oc-7c">
         <name>.text</name>
         <load_address>0x26c</load_address>
         <run_address>0x26c</run_address>
         <size>0x1b1c</size>
         <input_file_ref idref="fl-b"/>
      </object_component>
      <object_component id="oc-2f">
         <name>.text</name>
         <load_address>0x1d88</load_address>
         <run_address>0x1d88</run_address>
         <size>0x1c4</size>
         <input_file_ref idref="fl-8"/>
      </object_component>
      <object_component id="oc-bf">
         <name>.text</name>
         <load_address>0x1f4c</load_address>
         <run_address>0x1f4c</run_address>
         <size>0x1ac</size>
         <input_file_ref idref="fl-2"/>
      </object_component>
      <object_component id="oc-1ed">
         <name>.text:CANMessageSet</name>
         <load_address>0x20f8</load_address>
         <run_address>0x20f8</run_address>
         <size>0x136</size>
         <input_file_ref idref="fl-d2"/>
      </object_component>
      <object_component id="oc-251">
         <name>.text:GPIOPadConfigSet</name>
         <load_address>0x222e</load_address>
         <run_address>0x222e</run_address>
         <size>0x132</size>
         <input_file_ref idref="fl-d3"/>
      </object_component>
      <object_component id="oc-e1">
         <name>.text</name>
         <load_address>0x2360</load_address>
         <run_address>0x2360</run_address>
         <size>0x132</size>
         <input_file_ref idref="fl-7"/>
      </object_component>
      <object_component id="oc-131">
         <name>.text</name>
         <load_address>0x2494</load_address>
         <run_address>0x2494</run_address>
         <size>0x110</size>
         <input_file_ref idref="fl-4"/>
      </object_component>
      <object_component id="oc-1db">
         <name>.text:SysCtlClockGet</name>
         <load_address>0x25a4</load_address>
         <run_address>0x25a4</run_address>
         <size>0x110</size>
         <input_file_ref idref="fl-d5"/>
      </object_component>
      <object_component id="oc-1f9">
         <name>.text:CANMessageGet</name>
         <load_address>0x26b4</load_address>
         <run_address>0x26b4</run_address>
         <size>0x10e</size>
         <input_file_ref idref="fl-d2"/>
      </object_component>
      <object_component id="oc-12b">
         <name>.text:SysCtlClockSet</name>
         <load_address>0x27c4</load_address>
         <run_address>0x27c4</run_address>
         <size>0xf4</size>
         <input_file_ref idref="fl-d5"/>
      </object_component>
      <object_component id="oc-2a">
         <name>.text</name>
         <load_address>0x28b8</load_address>
         <run_address>0x28b8</run_address>
         <size>0xda</size>
         <input_file_ref idref="fl-9"/>
      </object_component>
      <object_component id="oc-db">
         <name>.text</name>
         <load_address>0x2994</load_address>
         <run_address>0x2994</run_address>
         <size>0x9c</size>
         <input_file_ref idref="fl-6"/>
      </object_component>
      <object_component id="oc-43">
         <name>.text</name>
         <load_address>0x2a30</load_address>
         <run_address>0x2a30</run_address>
         <size>0x9c</size>
         <input_file_ref idref="fl-c7"/>
      </object_component>
      <object_component id="oc-b3">
         <name>.text</name>
         <load_address>0x2acc</load_address>
         <run_address>0x2acc</run_address>
         <size>0x7a</size>
         <input_file_ref idref="fl-c6"/>
      </object_component>
      <object_component id="oc-1e1">
         <name>.text:CANBitRateSet</name>
         <load_address>0x2b48</load_address>
         <run_address>0x2b48</run_address>
         <size>0x6c</size>
         <input_file_ref idref="fl-d2"/>
      </object_component>
      <object_component id="oc-12">
         <name>.text:decompress:lzss:__TI_decompress_lzss</name>
         <load_address>0x2bb4</load_address>
         <run_address>0x2bb4</run_address>
         <size>0x68</size>
         <input_file_ref idref="fl-ca"/>
      </object_component>
      <object_component id="oc-1c9">
         <name>.text:GPIOPinConfigure</name>
         <load_address>0x2c1c</load_address>
         <run_address>0x2c1c</run_address>
         <size>0x48</size>
         <input_file_ref idref="fl-d3"/>
      </object_component>
      <object_component id="oc-153">
         <name>.text:__TI_auto_init_nobinit_nopinit:__TI_auto_init_nobinit_nopinit</name>
         <load_address>0x2c64</load_address>
         <run_address>0x2c64</run_address>
         <size>0x44</size>
         <input_file_ref idref="fl-cc"/>
      </object_component>
      <object_component id="oc-1f3">
         <name>.text:CANStatusGet</name>
         <load_address>0x2ca8</load_address>
         <run_address>0x2ca8</run_address>
         <size>0x40</size>
         <input_file_ref idref="fl-d2"/>
      </object_component>
      <object_component id="oc-1d5">
         <name>.text:CANInit</name>
         <load_address>0x2ce8</load_address>
         <run_address>0x2ce8</run_address>
         <size>0x3a</size>
         <input_file_ref idref="fl-d2"/>
      </object_component>
      <object_component id="oc-1c3">
         <name>.text:SysCtlPeripheralReady</name>
         <load_address>0x2d24</load_address>
         <run_address>0x2d24</run_address>
         <size>0x38</size>
         <input_file_ref idref="fl-d5"/>
      </object_component>
      <object_component id="oc-61">
         <name>.text:_c_int00_noargs:_c_int00_noargs</name>
         <load_address>0x2d5c</load_address>
         <run_address>0x2d5c</run_address>
         <size>0x38</size>
         <input_file_ref idref="fl-cb"/>
      </object_component>
      <object_component id="oc-1bd">
         <name>.text:SysCtlPeripheralEnable</name>
         <load_address>0x2d94</load_address>
         <run_address>0x2d94</run_address>
         <size>0x34</size>
         <input_file_ref idref="fl-d5"/>
      </object_component>
      <object_component id="oc-24b">
         <name>.text:GPIODirModeSet</name>
         <load_address>0x2dc8</load_address>
         <run_address>0x2dc8</run_address>
         <size>0x2a</size>
         <input_file_ref idref="fl-d3"/>
      </object_component>
      <object_component id="oc-270">
         <name>.text:_CANDataRegRead</name>
         <load_address>0x2df2</load_address>
         <run_address>0x2df2</run_address>
         <size>0x2a</size>
         <input_file_ref idref="fl-d2"/>
      </object_component>
      <object_component id="oc-137">
         <name>.text</name>
         <load_address>0x2e1c</load_address>
         <run_address>0x2e1c</run_address>
         <size>0x24</size>
         <input_file_ref idref="fl-5"/>
      </object_component>
      <object_component id="oc-263">
         <name>.text:_CANDataRegWrite</name>
         <load_address>0x2e40</load_address>
         <run_address>0x2e40</run_address>
         <size>0x24</size>
         <input_file_ref idref="fl-d2"/>
      </object_component>
      <object_component id="oc-20b">
         <name>.text:GPIOPinTypeGPIOOutput</name>
         <load_address>0x2e64</load_address>
         <run_address>0x2e64</run_address>
         <size>0x18</size>
         <input_file_ref idref="fl-d3"/>
      </object_component>
      <object_component id="oc-1cf">
         <name>.text:GPIOPinTypeCAN</name>
         <load_address>0x2e7c</load_address>
         <run_address>0x2e7c</run_address>
         <size>0x12</size>
         <input_file_ref idref="fl-d3"/>
      </object_component>
      <object_component id="oc-18">
         <name>.text:decompress:none:__TI_decompress_none</name>
         <load_address>0x2e8e</load_address>
         <run_address>0x2e8e</run_address>
         <size>0xe</size>
         <input_file_ref idref="fl-c9"/>
      </object_component>
      <object_component id="oc-55">
         <name>.text:decompress:ZI:__TI_zero_init</name>
         <load_address>0x2e9c</load_address>
         <run_address>0x2e9c</run_address>
         <size>0xc</size>
         <input_file_ref idref="fl-c8"/>
      </object_component>
      <object_component id="oc-24">
         <name>.text</name>
         <load_address>0x2ea8</load_address>
         <run_address>0x2ea8</run_address>
         <size>0xc</size>
         <input_file_ref idref="fl-3"/>
      </object_component>
      <object_component id="oc-1e7">
         <name>.text:CANEnable</name>
         <load_address>0x2eb4</load_address>
         <run_address>0x2eb4</run_address>
         <size>0xa</size>
         <input_file_ref idref="fl-d2"/>
      </object_component>
      <object_component id="oc-13d">
         <name>.text:GPIOPinWrite</name>
         <load_address>0x2ebe</load_address>
         <run_address>0x2ebe</run_address>
         <size>0x6</size>
         <input_file_ref idref="fl-d3"/>
      </object_component>
      <object_component id="oc-1b5">
         <name>.text:SysCtlDelay</name>
         <load_address>0x2ec4</load_address>
         <run_address>0x2ec4</run_address>
         <size>0x6</size>
         <input_file_ref idref="fl-d5"/>
      </object_component>
      <object_component id="oc-b9">
         <name>.text:_system_pre_init</name>
         <load_address>0x2eca</load_address>
         <run_address>0x2eca</run_address>
         <size>0x4</size>
         <input_file_ref idref="fl-cd"/>
      </object_component>
      <object_component id="oc-147">
         <name>.text:abort:abort</name>
         <load_address>0x2ece</load_address>
         <run_address>0x2ece</run_address>
         <size>0x4</size>
         <input_file_ref idref="fl-cf"/>
      </object_component>
      <object_component id="oc-247">
         <name>.const:g_pui32GPIOBaseAddrs</name>
         <load_address>0x2ed4</load_address>
         <run_address>0x2ed4</run_address>
         <size>0x90</size>
         <input_file_ref idref="fl-d3"/>
      </object_component>
      <object_component id="oc-25a">
         <name>.const:g_pui32Xtals</name>
         <load_address>0x2f64</load_address>
         <run_address>0x2f64</run_address>
         <size>0x6c</size>
         <input_file_ref idref="fl-d5"/>
      </object_component>
      <object_component id="oc-25e">
         <name>.const</name>
         <load_address>0x2fd0</load_address>
         <run_address>0x2fd0</run_address>
         <size>0x20</size>
         <input_file_ref idref="fl-d2"/>
      </object_component>
      <object_component id="oc-79">
         <name>.const</name>
         <load_address>0x2ff0</load_address>
         <run_address>0x2ff0</run_address>
         <size>0x8</size>
         <input_file_ref idref="fl-8"/>
      </object_component>
      <object_component id="oc-2e1">
         <name>.cinit..data.load</name>
         <load_address>0x2ff8</load_address>
         <run_address>0x2ff8</run_address>
         <size>0x17</size>
      </object_component>
      <object_component id="oc-2df">
         <name>__TI_handler_table</name>
         <load_address>0x3010</load_address>
         <run_address>0x3010</run_address>
         <size>0xc</size>
      </object_component>
      <object_component id="oc-2e2">
         <name>.cinit..bss.load</name>
         <load_address>0x3020</load_address>
         <run_address>0x3020</run_address>
         <size>0x8</size>
      </object_component>
      <object_component id="oc-2e0">
         <name>__TI_cinit_table</name>
         <load_address>0x3028</load_address>
         <run_address>0x3028</run_address>
         <size>0x10</size>
      </object_component>
      <object_component id="oc-143">
         <name>.data</name>
         <load_address>0x20005124</load_address>
         <run_address>0x20005124</run_address>
         <size>0xc</size>
         <input_file_ref idref="fl-2"/>
      </object_component>
      <object_component id="oc-19b">
         <name>.data</name>
         <load_address>0x2000513c</load_address>
         <run_address>0x2000513c</run_address>
         <size>0x8</size>
         <input_file_ref idref="fl-6"/>
      </object_component>
      <object_component id="oc-83">
         <name>.data</name>
         <load_address>0x20005130</load_address>
         <run_address>0x20005130</run_address>
         <size>0xc</size>
         <input_file_ref idref="fl-8"/>
      </object_component>
      <object_component id="oc-76">
         <name>.data</name>
         <load_address>0x200050f0</load_address>
         <run_address>0x200050f0</run_address>
         <size>0x34</size>
         <input_file_ref idref="fl-b"/>
      </object_component>
      <object_component id="oc-19e">
         <name>.bss:ucHeap</name>
         <uninitialized>true</uninitialized>
         <run_address>0x20000000</run_address>
         <size>0x4e20</size>
         <input_file_ref idref="fl-6"/>
      </object_component>
      <object_component id="oc-e7">
         <name>.bss:pxReadyTasksLists</name>
         <uninitialized>true</uninitialized>
         <run_address>0x20004e20</run_address>
         <size>0x64</size>
         <input_file_ref idref="fl-b"/>
      </object_component>
      <object_component id="oc-f6">
         <name>.bss:xDelayedTaskList1</name>
         <uninitialized>true</uninitialized>
         <run_address>0x20004e84</run_address>
         <size>0x14</size>
         <input_file_ref idref="fl-b"/>
      </object_component>
      <object_component id="oc-f9">
         <name>.bss:xDelayedTaskList2</name>
         <uninitialized>true</uninitialized>
         <run_address>0x20004e98</run_address>
         <size>0x14</size>
         <input_file_ref idref="fl-b"/>
      </object_component>
      <object_component id="oc-ed">
         <name>.bss</name>
         <uninitialized>true</uninitialized>
         <run_address>0x20004ee8</run_address>
         <size>0x8</size>
         <input_file_ref idref="fl-b"/>
      </object_component>
      <object_component id="oc-f3">
         <name>.bss:xPendingReadyList</name>
         <uninitialized>true</uninitialized>
         <run_address>0x20004eac</run_address>
         <size>0x14</size>
         <input_file_ref idref="fl-b"/>
      </object_component>
      <object_component id="oc-ea">
         <name>.bss:xTasksWaitingTermination</name>
         <uninitialized>true</uninitialized>
         <run_address>0x20004ed4</run_address>
         <size>0x14</size>
         <input_file_ref idref="fl-b"/>
      </object_component>
      <object_component id="oc-f0">
         <name>.bss:xSuspendedTaskList</name>
         <uninitialized>true</uninitialized>
         <run_address>0x20004ec0</run_address>
         <size>0x14</size>
         <input_file_ref idref="fl-b"/>
      </object_component>
      <object_component id="oc-21">
         <name>.stack</name>
         <uninitialized>true</uninitialized>
         <run_address>0x20004ef0</run_address>
         <size>0x4</size>
         <input_file_ref idref="fl-cb"/>
      </object_component>
      <object_component id="oc-2e3">
         <name>.stack</name>
         <uninitialized>true</uninitialized>
         <run_address>0x20004ef0</run_address>
         <size>0x0</size>
      </object_component>
      <object_component id="oc-115">
         <name>.debug_info</name>
         <load_address>0x0</load_address>
         <run_address>0x0</run_address>
         <size>0x5ed</size>
         <input_file_ref idref="fl-2"/>
      </object_component>
      <object_component id="oc-144">
         <name>.debug_info</name>
         <load_address>0x5ed</load_address>
         <run_address>0x5ed</run_address>
         <size>0x133</size>
         <input_file_ref idref="fl-2"/>
      </object_component>
      <object_component id="oc-c0">
         <name>.debug_info</name>
         <load_address>0x720</load_address>
         <run_address>0x720</run_address>
         <size>0x4c6</size>
         <input_file_ref idref="fl-2"/>
      </object_component>
      <object_component id="oc-106">
         <name>.debug_info</name>
         <load_address>0xbe6</load_address>
         <run_address>0xbe6</run_address>
         <size>0x315</size>
         <input_file_ref idref="fl-2"/>
      </object_component>
      <object_component id="oc-99">
         <name>.debug_info</name>
         <load_address>0xefb</load_address>
         <run_address>0xefb</run_address>
         <size>0x26b</size>
         <input_file_ref idref="fl-2"/>
      </object_component>
      <object_component id="oc-110">
         <name>.debug_info</name>
         <load_address>0x1166</load_address>
         <run_address>0x1166</run_address>
         <size>0x476</size>
         <input_file_ref idref="fl-2"/>
      </object_component>
      <object_component id="oc-3e">
         <name>.debug_info</name>
         <load_address>0x15dc</load_address>
         <run_address>0x15dc</run_address>
         <size>0x84</size>
         <input_file_ref idref="fl-2"/>
      </object_component>
      <object_component id="oc-88">
         <name>.debug_info</name>
         <load_address>0x1660</load_address>
         <run_address>0x1660</run_address>
         <size>0x2c</size>
         <input_file_ref idref="fl-2"/>
      </object_component>
      <object_component id="oc-116">
         <name>.debug_info</name>
         <load_address>0x168c</load_address>
         <run_address>0x168c</run_address>
         <size>0x297</size>
         <input_file_ref idref="fl-2"/>
      </object_component>
      <object_component id="oc-92">
         <name>.debug_info</name>
         <load_address>0x1923</load_address>
         <run_address>0x1923</run_address>
         <size>0xbb</size>
         <input_file_ref idref="fl-2"/>
      </object_component>
      <object_component id="oc-8d">
         <name>.debug_info</name>
         <load_address>0x19de</load_address>
         <run_address>0x19de</run_address>
         <size>0x53</size>
         <input_file_ref idref="fl-2"/>
      </object_component>
      <object_component id="oc-101">
         <name>.debug_info</name>
         <load_address>0x1a31</load_address>
         <run_address>0x1a31</run_address>
         <size>0x53</size>
         <input_file_ref idref="fl-2"/>
      </object_component>
      <object_component id="oc-10b">
         <name>.debug_info</name>
         <load_address>0x1a84</load_address>
         <run_address>0x1a84</run_address>
         <size>0x14c</size>
         <input_file_ref idref="fl-2"/>
      </object_component>
      <object_component id="oc-37">
         <name>.debug_info</name>
         <load_address>0x1bd0</load_address>
         <run_address>0x1bd0</run_address>
         <size>0x329</size>
         <input_file_ref idref="fl-3"/>
      </object_component>
      <object_component id="oc-10">
         <name>.debug_info</name>
         <load_address>0x1ef9</load_address>
         <run_address>0x1ef9</run_address>
         <size>0xe8</size>
         <input_file_ref idref="fl-3"/>
      </object_component>
      <object_component id="oc-25">
         <name>.debug_info</name>
         <load_address>0x1fe1</load_address>
         <run_address>0x1fe1</run_address>
         <size>0x264</size>
         <input_file_ref idref="fl-3"/>
      </object_component>
      <object_component id="oc-20a">
         <name>.debug_info</name>
         <load_address>0x2245</load_address>
         <run_address>0x2245</run_address>
         <size>0x4ad</size>
         <input_file_ref idref="fl-4"/>
      </object_component>
      <object_component id="oc-132">
         <name>.debug_info</name>
         <load_address>0x26f2</load_address>
         <run_address>0x26f2</run_address>
         <size>0x556</size>
         <input_file_ref idref="fl-4"/>
      </object_component>
      <object_component id="oc-205">
         <name>.debug_info</name>
         <load_address>0x2c48</load_address>
         <run_address>0x2c48</run_address>
         <size>0x1b3</size>
         <input_file_ref idref="fl-4"/>
      </object_component>
      <object_component id="oc-200">
         <name>.debug_info</name>
         <load_address>0x2dfb</load_address>
         <run_address>0x2dfb</run_address>
         <size>0x8b</size>
         <input_file_ref idref="fl-4"/>
      </object_component>
      <object_component id="oc-138">
         <name>.debug_info</name>
         <load_address>0x2e86</load_address>
         <run_address>0x2e86</run_address>
         <size>0x175</size>
         <input_file_ref idref="fl-5"/>
      </object_component>
      <object_component id="oc-1a2">
         <name>.debug_info</name>
         <load_address>0x2ffb</load_address>
         <run_address>0x2ffb</run_address>
         <size>0x3e7</size>
         <input_file_ref idref="fl-6"/>
      </object_component>
      <object_component id="oc-19f">
         <name>.debug_info</name>
         <load_address>0x33e2</load_address>
         <run_address>0x33e2</run_address>
         <size>0xce</size>
         <input_file_ref idref="fl-6"/>
      </object_component>
      <object_component id="oc-19c">
         <name>.debug_info</name>
         <load_address>0x34b0</load_address>
         <run_address>0x34b0</run_address>
         <size>0xdc</size>
         <input_file_ref idref="fl-6"/>
      </object_component>
      <object_component id="oc-dc">
         <name>.debug_info</name>
         <load_address>0x358c</load_address>
         <run_address>0x358c</run_address>
         <size>0x30c</size>
         <input_file_ref idref="fl-6"/>
      </object_component>
      <object_component id="oc-18c">
         <name>.debug_info</name>
         <load_address>0x3898</load_address>
         <run_address>0x3898</run_address>
         <size>0x110</size>
         <input_file_ref idref="fl-6"/>
      </object_component>
      <object_component id="oc-196">
         <name>.debug_info</name>
         <load_address>0x39a8</load_address>
         <run_address>0x39a8</run_address>
         <size>0x476</size>
         <input_file_ref idref="fl-6"/>
      </object_component>
      <object_component id="oc-1a4">
         <name>.debug_info</name>
         <load_address>0x3e1e</load_address>
         <run_address>0x3e1e</run_address>
         <size>0x35a</size>
         <input_file_ref idref="fl-7"/>
      </object_component>
      <object_component id="oc-e2">
         <name>.debug_info</name>
         <load_address>0x4178</load_address>
         <run_address>0x4178</run_address>
         <size>0x478</size>
         <input_file_ref idref="fl-7"/>
      </object_component>
      <object_component id="oc-87">
         <name>.debug_info</name>
         <load_address>0x45f0</load_address>
         <run_address>0x45f0</run_address>
         <size>0x430</size>
         <input_file_ref idref="fl-8"/>
      </object_component>
      <object_component id="oc-7a">
         <name>.debug_info</name>
         <load_address>0x4a20</load_address>
         <run_address>0x4a20</run_address>
         <size>0x143</size>
         <input_file_ref idref="fl-8"/>
      </object_component>
      <object_component id="oc-84">
         <name>.debug_info</name>
         <load_address>0x4b63</load_address>
         <run_address>0x4b63</run_address>
         <size>0x14e</size>
         <input_file_ref idref="fl-8"/>
      </object_component>
      <object_component id="oc-30">
         <name>.debug_info</name>
         <load_address>0x4cb1</load_address>
         <run_address>0x4cb1</run_address>
         <size>0x688</size>
         <input_file_ref idref="fl-8"/>
      </object_component>
      <object_component id="oc-2b">
         <name>.debug_info</name>
         <load_address>0x5339</load_address>
         <run_address>0x5339</run_address>
         <size>0x233</size>
         <input_file_ref idref="fl-9"/>
      </object_component>
      <object_component id="oc-d3">
         <name>.debug_info</name>
         <load_address>0x556c</load_address>
         <run_address>0x556c</run_address>
         <size>0x76f</size>
         <input_file_ref idref="fl-b"/>
      </object_component>
      <object_component id="oc-77">
         <name>.debug_info</name>
         <load_address>0x5cdb</load_address>
         <run_address>0x5cdb</run_address>
         <size>0x33d</size>
         <input_file_ref idref="fl-b"/>
      </object_component>
      <object_component id="oc-e8">
         <name>.debug_info</name>
         <load_address>0x6018</load_address>
         <run_address>0x6018</run_address>
         <size>0xe4</size>
         <input_file_ref idref="fl-b"/>
      </object_component>
      <object_component id="oc-f7">
         <name>.debug_info</name>
         <load_address>0x60fc</load_address>
         <run_address>0x60fc</run_address>
         <size>0xe4</size>
         <input_file_ref idref="fl-b"/>
      </object_component>
      <object_component id="oc-fa">
         <name>.debug_info</name>
         <load_address>0x61e0</load_address>
         <run_address>0x61e0</run_address>
         <size>0xe4</size>
         <input_file_ref idref="fl-b"/>
      </object_component>
      <object_component id="oc-ee">
         <name>.debug_info</name>
         <load_address>0x62c4</load_address>
         <run_address>0x62c4</run_address>
         <size>0x127</size>
         <input_file_ref idref="fl-b"/>
      </object_component>
      <object_component id="oc-f4">
         <name>.debug_info</name>
         <load_address>0x63eb</load_address>
         <run_address>0x63eb</run_address>
         <size>0xe4</size>
         <input_file_ref idref="fl-b"/>
      </object_component>
      <object_component id="oc-eb">
         <name>.debug_info</name>
         <load_address>0x64cf</load_address>
         <run_address>0x64cf</run_address>
         <size>0xf2</size>
         <input_file_ref idref="fl-b"/>
      </object_component>
      <object_component id="oc-f1">
         <name>.debug_info</name>
         <load_address>0x65c1</load_address>
         <run_address>0x65c1</run_address>
         <size>0xe6</size>
         <input_file_ref idref="fl-b"/>
      </object_component>
      <object_component id="oc-7d">
         <name>.debug_info</name>
         <load_address>0x66a7</load_address>
         <run_address>0x66a7</run_address>
         <size>0x4dcd</size>
         <input_file_ref idref="fl-b"/>
      </object_component>
      <object_component id="oc-d4">
         <name>.debug_info</name>
         <load_address>0xb474</load_address>
         <run_address>0xb474</run_address>
         <size>0x30c</size>
         <input_file_ref idref="fl-b"/>
      </object_component>
      <object_component id="oc-187">
         <name>.debug_info</name>
         <load_address>0xb780</load_address>
         <run_address>0xb780</run_address>
         <size>0x4f</size>
         <input_file_ref idref="fl-b"/>
      </object_component>
      <object_component id="oc-191">
         <name>.debug_info</name>
         <load_address>0xb7cf</load_address>
         <run_address>0xb7cf</run_address>
         <size>0x159</size>
         <input_file_ref idref="fl-b"/>
      </object_component>
      <object_component id="oc-b5">
         <name>.debug_info</name>
         <load_address>0xb928</load_address>
         <run_address>0xb928</run_address>
         <size>0x147</size>
         <input_file_ref idref="fl-c6"/>
      </object_component>
      <object_component id="oc-44">
         <name>.debug_info</name>
         <load_address>0xba6f</load_address>
         <run_address>0xba6f</run_address>
         <size>0x119</size>
         <input_file_ref idref="fl-c7"/>
      </object_component>
      <object_component id="oc-b2">
         <name>.debug_info</name>
         <load_address>0xbb88</load_address>
         <run_address>0xbb88</run_address>
         <size>0x31b</size>
         <input_file_ref idref="fl-c8"/>
      </object_component>
      <object_component id="oc-56">
         <name>.debug_info</name>
         <load_address>0xbea3</load_address>
         <run_address>0xbea3</run_address>
         <size>0x1b2</size>
         <input_file_ref idref="fl-c8"/>
      </object_component>
      <object_component id="oc-ad">
         <name>.debug_info</name>
         <load_address>0xc055</load_address>
         <run_address>0xc055</run_address>
         <size>0x46</size>
         <input_file_ref idref="fl-c8"/>
      </object_component>
      <object_component id="oc-122">
         <name>.debug_info</name>
         <load_address>0xc09b</load_address>
         <run_address>0xc09b</run_address>
         <size>0x2c</size>
         <input_file_ref idref="fl-c8"/>
      </object_component>
      <object_component id="oc-4e">
         <name>.debug_info</name>
         <load_address>0xc0c7</load_address>
         <run_address>0xc0c7</run_address>
         <size>0x2a5</size>
         <input_file_ref idref="fl-c9"/>
      </object_component>
      <object_component id="oc-19">
         <name>.debug_info</name>
         <load_address>0xc36c</load_address>
         <run_address>0xc36c</run_address>
         <size>0x1e7</size>
         <input_file_ref idref="fl-c9"/>
      </object_component>
      <object_component id="oc-49">
         <name>.debug_info</name>
         <load_address>0xc553</load_address>
         <run_address>0xc553</run_address>
         <size>0x46</size>
         <input_file_ref idref="fl-c9"/>
      </object_component>
      <object_component id="oc-a5">
         <name>.debug_info</name>
         <load_address>0xc599</load_address>
         <run_address>0xc599</run_address>
         <size>0x2c</size>
         <input_file_ref idref="fl-c9"/>
      </object_component>
      <object_component id="oc-a3">
         <name>.debug_info</name>
         <load_address>0xc5c5</load_address>
         <run_address>0xc5c5</run_address>
         <size>0x29b</size>
         <input_file_ref idref="fl-ca"/>
      </object_component>
      <object_component id="oc-13">
         <name>.debug_info</name>
         <load_address>0xc860</load_address>
         <run_address>0xc860</run_address>
         <size>0x24d</size>
         <input_file_ref idref="fl-ca"/>
      </object_component>
      <object_component id="oc-39">
         <name>.debug_info</name>
         <load_address>0xcaad</load_address>
         <run_address>0xcaad</run_address>
         <size>0x60</size>
         <input_file_ref idref="fl-ca"/>
      </object_component>
      <object_component id="oc-11b">
         <name>.debug_info</name>
         <load_address>0xcb0d</load_address>
         <run_address>0xcb0d</run_address>
         <size>0x46</size>
         <input_file_ref idref="fl-ca"/>
      </object_component>
      <object_component id="oc-9e">
         <name>.debug_info</name>
         <load_address>0xcb53</load_address>
         <run_address>0xcb53</run_address>
         <size>0x39</size>
         <input_file_ref idref="fl-ca"/>
      </object_component>
      <object_component id="oc-22">
         <name>.debug_info</name>
         <load_address>0xcb8c</load_address>
         <run_address>0xcb8c</run_address>
         <size>0x108</size>
         <input_file_ref idref="fl-cb"/>
      </object_component>
      <object_component id="oc-65">
         <name>.debug_info</name>
         <load_address>0xcc94</load_address>
         <run_address>0xcc94</run_address>
         <size>0x1ac</size>
         <input_file_ref idref="fl-cb"/>
      </object_component>
      <object_component id="oc-221">
         <name>.debug_info</name>
         <load_address>0xce40</load_address>
         <run_address>0xce40</run_address>
         <size>0x54f</size>
         <input_file_ref idref="fl-cc"/>
      </object_component>
      <object_component id="oc-154">
         <name>.debug_info</name>
         <load_address>0xd38f</load_address>
         <run_address>0xd38f</run_address>
         <size>0x1a3</size>
         <input_file_ref idref="fl-cc"/>
      </object_component>
      <object_component id="oc-28c">
         <name>.debug_info</name>
         <load_address>0xd532</load_address>
         <run_address>0xd532</run_address>
         <size>0x39</size>
         <input_file_ref idref="fl-cc"/>
      </object_component>
      <object_component id="oc-2ac">
         <name>.debug_info</name>
         <load_address>0xd56b</load_address>
         <run_address>0xd56b</run_address>
         <size>0x39</size>
         <input_file_ref idref="fl-cc"/>
      </object_component>
      <object_component id="oc-291">
         <name>.debug_info</name>
         <load_address>0xd5a4</load_address>
         <run_address>0xd5a4</run_address>
         <size>0x39</size>
         <input_file_ref idref="fl-cc"/>
      </object_component>
      <object_component id="oc-296">
         <name>.debug_info</name>
         <load_address>0xd5dd</load_address>
         <run_address>0xd5dd</run_address>
         <size>0xcd</size>
         <input_file_ref idref="fl-cc"/>
      </object_component>
      <object_component id="oc-bb">
         <name>.debug_info</name>
         <load_address>0xd6aa</load_address>
         <run_address>0xd6aa</run_address>
         <size>0x150</size>
         <input_file_ref idref="fl-cd"/>
      </object_component>
      <object_component id="oc-148">
         <name>.debug_info</name>
         <load_address>0xd7fa</load_address>
         <run_address>0xd7fa</run_address>
         <size>0x11f</size>
         <input_file_ref idref="fl-cf"/>
      </object_component>
      <object_component id="oc-259">
         <name>.debug_info</name>
         <load_address>0xd919</load_address>
         <run_address>0xd919</run_address>
         <size>0x227</size>
         <input_file_ref idref="fl-d2"/>
      </object_component>
      <object_component id="oc-25f">
         <name>.debug_info</name>
         <load_address>0xdb40</load_address>
         <run_address>0xdb40</run_address>
         <size>0x156</size>
         <input_file_ref idref="fl-d2"/>
      </object_component>
      <object_component id="oc-1f4">
         <name>.debug_info</name>
         <load_address>0xdc96</load_address>
         <run_address>0xdc96</run_address>
         <size>0x286</size>
         <input_file_ref idref="fl-d2"/>
      </object_component>
      <object_component id="oc-264">
         <name>.debug_info</name>
         <load_address>0xdf1c</load_address>
         <run_address>0xdf1c</run_address>
         <size>0x2dd</size>
         <input_file_ref idref="fl-d2"/>
      </object_component>
      <object_component id="oc-1ee">
         <name>.debug_info</name>
         <load_address>0xe1f9</load_address>
         <run_address>0xe1f9</run_address>
         <size>0x413</size>
         <input_file_ref idref="fl-d2"/>
      </object_component>
      <object_component id="oc-271">
         <name>.debug_info</name>
         <load_address>0xe60c</load_address>
         <run_address>0xe60c</run_address>
         <size>0x2de</size>
         <input_file_ref idref="fl-d2"/>
      </object_component>
      <object_component id="oc-1fa">
         <name>.debug_info</name>
         <load_address>0xe8ea</load_address>
         <run_address>0xe8ea</run_address>
         <size>0x3e8</size>
         <input_file_ref idref="fl-d2"/>
      </object_component>
      <object_component id="oc-1d6">
         <name>.debug_info</name>
         <load_address>0xecd2</load_address>
         <run_address>0xecd2</run_address>
         <size>0x26c</size>
         <input_file_ref idref="fl-d2"/>
      </object_component>
      <object_component id="oc-1e8">
         <name>.debug_info</name>
         <load_address>0xef3e</load_address>
         <run_address>0xef3e</run_address>
         <size>0x242</size>
         <input_file_ref idref="fl-d2"/>
      </object_component>
      <object_component id="oc-1e2">
         <name>.debug_info</name>
         <load_address>0xf180</load_address>
         <run_address>0xf180</run_address>
         <size>0x360</size>
         <input_file_ref idref="fl-d2"/>
      </object_component>
      <object_component id="oc-26a">
         <name>.debug_info</name>
         <load_address>0xf4e0</load_address>
         <run_address>0xf4e0</run_address>
         <size>0x1b3</size>
         <input_file_ref idref="fl-d2"/>
      </object_component>
      <object_component id="oc-1b7">
         <name>.debug_info</name>
         <load_address>0xf693</load_address>
         <run_address>0xf693</run_address>
         <size>0x18b</size>
         <input_file_ref idref="fl-d2"/>
      </object_component>
      <object_component id="oc-213">
         <name>.debug_info</name>
         <load_address>0xf81e</load_address>
         <run_address>0xf81e</run_address>
         <size>0x240</size>
         <input_file_ref idref="fl-d3"/>
      </object_component>
      <object_component id="oc-248">
         <name>.debug_info</name>
         <load_address>0xfa5e</load_address>
         <run_address>0xfa5e</run_address>
         <size>0x15b</size>
         <input_file_ref idref="fl-d3"/>
      </object_component>
      <object_component id="oc-13f">
         <name>.debug_info</name>
         <load_address>0xfbb9</load_address>
         <run_address>0xfbb9</run_address>
         <size>0x2a3</size>
         <input_file_ref idref="fl-d3"/>
      </object_component>
      <object_component id="oc-24d">
         <name>.debug_info</name>
         <load_address>0xfe5c</load_address>
         <run_address>0xfe5c</run_address>
         <size>0x2b3</size>
         <input_file_ref idref="fl-d3"/>
      </object_component>
      <object_component id="oc-253">
         <name>.debug_info</name>
         <load_address>0x1010f</load_address>
         <run_address>0x1010f</run_address>
         <size>0x316</size>
         <input_file_ref idref="fl-d3"/>
      </object_component>
      <object_component id="oc-20e">
         <name>.debug_info</name>
         <load_address>0x10425</load_address>
         <run_address>0x10425</run_address>
         <size>0x2b7</size>
         <input_file_ref idref="fl-d3"/>
      </object_component>
      <object_component id="oc-1d2">
         <name>.debug_info</name>
         <load_address>0x106dc</load_address>
         <run_address>0x106dc</run_address>
         <size>0x279</size>
         <input_file_ref idref="fl-d3"/>
      </object_component>
      <object_component id="oc-1cc">
         <name>.debug_info</name>
         <load_address>0x10955</load_address>
         <run_address>0x10955</run_address>
         <size>0x280</size>
         <input_file_ref idref="fl-d3"/>
      </object_component>
      <object_component id="oc-1bc">
         <name>.debug_info</name>
         <load_address>0x10bd5</load_address>
         <run_address>0x10bd5</run_address>
         <size>0x298</size>
         <input_file_ref idref="fl-d5"/>
      </object_component>
      <object_component id="oc-25b">
         <name>.debug_info</name>
         <load_address>0x10e6d</load_address>
         <run_address>0x10e6d</run_address>
         <size>0x14d</size>
         <input_file_ref idref="fl-d5"/>
      </object_component>
      <object_component id="oc-1c4">
         <name>.debug_info</name>
         <load_address>0x10fba</load_address>
         <run_address>0x10fba</run_address>
         <size>0x27f</size>
         <input_file_ref idref="fl-d5"/>
      </object_component>
      <object_component id="oc-1be">
         <name>.debug_info</name>
         <load_address>0x11239</load_address>
         <run_address>0x11239</run_address>
         <size>0x27d</size>
         <input_file_ref idref="fl-d5"/>
      </object_component>
      <object_component id="oc-12c">
         <name>.debug_info</name>
         <load_address>0x114b6</load_address>
         <run_address>0x114b6</run_address>
         <size>0x2db</size>
         <input_file_ref idref="fl-d5"/>
      </object_component>
      <object_component id="oc-1dc">
         <name>.debug_info</name>
         <load_address>0x11791</load_address>
         <run_address>0x11791</run_address>
         <size>0x2b5</size>
         <input_file_ref idref="fl-d5"/>
      </object_component>
      <object_component id="oc-240">
         <name>.debug_info</name>
         <load_address>0x11a46</load_address>
         <run_address>0x11a46</run_address>
         <size>0x5f</size>
         <input_file_ref idref="fl-d5"/>
      </object_component>
      <object_component id="oc-2e4">
         <name>.debug_info</name>
         <load_address>0x11aa5</load_address>
         <run_address>0x11aa5</run_address>
         <size>0x9e</size>
      </object_component>
      <object_component id="oc-1b4">
         <name>.debug_line</name>
         <load_address>0x0</load_address>
         <run_address>0x0</run_address>
         <size>0xf8</size>
         <input_file_ref idref="fl-2"/>
      </object_component>
      <object_component id="oc-215">
         <name>.debug_line</name>
         <load_address>0xf8</load_address>
         <run_address>0xf8</run_address>
         <size>0x2d</size>
         <input_file_ref idref="fl-2"/>
      </object_component>
      <object_component id="oc-c3">
         <name>.debug_line</name>
         <load_address>0x125</load_address>
         <run_address>0x125</run_address>
         <size>0xed</size>
         <input_file_ref idref="fl-2"/>
      </object_component>
      <object_component id="oc-109">
         <name>.debug_line</name>
         <load_address>0x212</load_address>
         <run_address>0x212</run_address>
         <size>0x32</size>
         <input_file_ref idref="fl-2"/>
      </object_component>
      <object_component id="oc-9c">
         <name>.debug_line</name>
         <load_address>0x244</load_address>
         <run_address>0x244</run_address>
         <size>0x69</size>
         <input_file_ref idref="fl-2"/>
      </object_component>
      <object_component id="oc-113">
         <name>.debug_line</name>
         <load_address>0x2ad</load_address>
         <run_address>0x2ad</run_address>
         <size>0x36</size>
         <input_file_ref idref="fl-2"/>
      </object_component>
      <object_component id="oc-41">
         <name>.debug_line</name>
         <load_address>0x2e3</load_address>
         <run_address>0x2e3</run_address>
         <size>0x20</size>
         <input_file_ref idref="fl-2"/>
      </object_component>
      <object_component id="oc-8b">
         <name>.debug_line</name>
         <load_address>0x303</load_address>
         <run_address>0x303</run_address>
         <size>0x36</size>
         <input_file_ref idref="fl-2"/>
      </object_component>
      <object_component id="oc-119">
         <name>.debug_line</name>
         <load_address>0x339</load_address>
         <run_address>0x339</run_address>
         <size>0x6d</size>
         <input_file_ref idref="fl-2"/>
      </object_component>
      <object_component id="oc-95">
         <name>.debug_line</name>
         <load_address>0x3a6</load_address>
         <run_address>0x3a6</run_address>
         <size>0x6a</size>
         <input_file_ref idref="fl-2"/>
      </object_component>
      <object_component id="oc-90">
         <name>.debug_line</name>
         <load_address>0x410</load_address>
         <run_address>0x410</run_address>
         <size>0x37</size>
         <input_file_ref idref="fl-2"/>
      </object_component>
      <object_component id="oc-104">
         <name>.debug_line</name>
         <load_address>0x447</load_address>
         <run_address>0x447</run_address>
         <size>0x65</size>
         <input_file_ref idref="fl-2"/>
      </object_component>
      <object_component id="oc-10e">
         <name>.debug_line</name>
         <load_address>0x4ac</load_address>
         <run_address>0x4ac</run_address>
         <size>0x32</size>
         <input_file_ref idref="fl-2"/>
      </object_component>
      <object_component id="oc-98">
         <name>.debug_line</name>
         <load_address>0x4de</load_address>
         <run_address>0x4de</run_address>
         <size>0x41</size>
         <input_file_ref idref="fl-3"/>
      </object_component>
      <object_component id="oc-36">
         <name>.debug_line</name>
         <load_address>0x51f</load_address>
         <run_address>0x51f</run_address>
         <size>0x41</size>
         <input_file_ref idref="fl-3"/>
      </object_component>
      <object_component id="oc-28">
         <name>.debug_line</name>
         <load_address>0x560</load_address>
         <run_address>0x560</run_address>
         <size>0xa1</size>
         <input_file_ref idref="fl-3"/>
      </object_component>
      <object_component id="oc-278">
         <name>.debug_line</name>
         <load_address>0x601</load_address>
         <run_address>0x601</run_address>
         <size>0xc3</size>
         <input_file_ref idref="fl-4"/>
      </object_component>
      <object_component id="oc-135">
         <name>.debug_line</name>
         <load_address>0x6c4</load_address>
         <run_address>0x6c4</run_address>
         <size>0xb5</size>
         <input_file_ref idref="fl-4"/>
      </object_component>
      <object_component id="oc-208">
         <name>.debug_line</name>
         <load_address>0x779</load_address>
         <run_address>0x779</run_address>
         <size>0x55</size>
         <input_file_ref idref="fl-4"/>
      </object_component>
      <object_component id="oc-203">
         <name>.debug_line</name>
         <load_address>0x7ce</load_address>
         <run_address>0x7ce</run_address>
         <size>0x20</size>
         <input_file_ref idref="fl-4"/>
      </object_component>
      <object_component id="oc-13b">
         <name>.debug_line</name>
         <load_address>0x7ee</load_address>
         <run_address>0x7ee</run_address>
         <size>0x51</size>
         <input_file_ref idref="fl-5"/>
      </object_component>
      <object_component id="oc-23b">
         <name>.debug_line</name>
         <load_address>0x83f</load_address>
         <run_address>0x83f</run_address>
         <size>0x32</size>
         <input_file_ref idref="fl-6"/>
      </object_component>
      <object_component id="oc-239">
         <name>.debug_line</name>
         <load_address>0x871</load_address>
         <run_address>0x871</run_address>
         <size>0x34</size>
         <input_file_ref idref="fl-6"/>
      </object_component>
      <object_component id="oc-237">
         <name>.debug_line</name>
         <load_address>0x8a5</load_address>
         <run_address>0x8a5</run_address>
         <size>0x34</size>
         <input_file_ref idref="fl-6"/>
      </object_component>
      <object_component id="oc-df">
         <name>.debug_line</name>
         <load_address>0x8d9</load_address>
         <run_address>0x8d9</run_address>
         <size>0xb7</size>
         <input_file_ref idref="fl-6"/>
      </object_component>
      <object_component id="oc-18f">
         <name>.debug_line</name>
         <load_address>0x990</load_address>
         <run_address>0x990</run_address>
         <size>0x65</size>
         <input_file_ref idref="fl-6"/>
      </object_component>
      <object_component id="oc-199">
         <name>.debug_line</name>
         <load_address>0x9f5</load_address>
         <run_address>0x9f5</run_address>
         <size>0x36</size>
         <input_file_ref idref="fl-6"/>
      </object_component>
      <object_component id="oc-23d">
         <name>.debug_line</name>
         <load_address>0xa2b</load_address>
         <run_address>0xa2b</run_address>
         <size>0x20</size>
         <input_file_ref idref="fl-7"/>
      </object_component>
      <object_component id="oc-e5">
         <name>.debug_line</name>
         <load_address>0xa4b</load_address>
         <run_address>0xa4b</run_address>
         <size>0xe8</size>
         <input_file_ref idref="fl-7"/>
      </object_component>
      <object_component id="oc-100">
         <name>.debug_line</name>
         <load_address>0xb33</load_address>
         <run_address>0xb33</run_address>
         <size>0x44</size>
         <input_file_ref idref="fl-8"/>
      </object_component>
      <object_component id="oc-da">
         <name>.debug_line</name>
         <load_address>0xb77</load_address>
         <run_address>0xb77</run_address>
         <size>0x32</size>
         <input_file_ref idref="fl-8"/>
      </object_component>
      <object_component id="oc-fe">
         <name>.debug_line</name>
         <load_address>0xba9</load_address>
         <run_address>0xba9</run_address>
         <size>0x32</size>
         <input_file_ref idref="fl-8"/>
      </object_component>
      <object_component id="oc-33">
         <name>.debug_line</name>
         <load_address>0xbdb</load_address>
         <run_address>0xbdb</run_address>
         <size>0x165</size>
         <input_file_ref idref="fl-8"/>
      </object_component>
      <object_component id="oc-2e">
         <name>.debug_line</name>
         <load_address>0xd40</load_address>
         <run_address>0xd40</run_address>
         <size>0xc7</size>
         <input_file_ref idref="fl-9"/>
      </object_component>
      <object_component id="oc-186">
         <name>.debug_line</name>
         <load_address>0xe07</load_address>
         <run_address>0xe07</run_address>
         <size>0xa4</size>
         <input_file_ref idref="fl-b"/>
      </object_component>
      <object_component id="oc-d2">
         <name>.debug_line</name>
         <load_address>0xeab</load_address>
         <run_address>0xeab</run_address>
         <size>0x33</size>
         <input_file_ref idref="fl-b"/>
      </object_component>
      <object_component id="oc-1a6">
         <name>.debug_line</name>
         <load_address>0xede</load_address>
         <run_address>0xede</run_address>
         <size>0x33</size>
         <input_file_ref idref="fl-b"/>
      </object_component>
      <object_component id="oc-1b0">
         <name>.debug_line</name>
         <load_address>0xf11</load_address>
         <run_address>0xf11</run_address>
         <size>0x33</size>
         <input_file_ref idref="fl-b"/>
      </object_component>
      <object_component id="oc-1b2">
         <name>.debug_line</name>
         <load_address>0xf44</load_address>
         <run_address>0xf44</run_address>
         <size>0x33</size>
         <input_file_ref idref="fl-b"/>
      </object_component>
      <object_component id="oc-1aa">
         <name>.debug_line</name>
         <load_address>0xf77</load_address>
         <run_address>0xf77</run_address>
         <size>0x33</size>
         <input_file_ref idref="fl-b"/>
      </object_component>
      <object_component id="oc-1ae">
         <name>.debug_line</name>
         <load_address>0xfaa</load_address>
         <run_address>0xfaa</run_address>
         <size>0x33</size>
         <input_file_ref idref="fl-b"/>
      </object_component>
      <object_component id="oc-1a8">
         <name>.debug_line</name>
         <load_address>0xfdd</load_address>
         <run_address>0xfdd</run_address>
         <size>0x33</size>
         <input_file_ref idref="fl-b"/>
      </object_component>
      <object_component id="oc-1ac">
         <name>.debug_line</name>
         <load_address>0x1010</load_address>
         <run_address>0x1010</run_address>
         <size>0x33</size>
         <input_file_ref idref="fl-b"/>
      </object_component>
      <object_component id="oc-80">
         <name>.debug_line</name>
         <load_address>0x1043</load_address>
         <run_address>0x1043</run_address>
         <size>0xe56</size>
         <input_file_ref idref="fl-b"/>
      </object_component>
      <object_component id="oc-d7">
         <name>.debug_line</name>
         <load_address>0x1e99</load_address>
         <run_address>0x1e99</run_address>
         <size>0x32</size>
         <input_file_ref idref="fl-b"/>
      </object_component>
      <object_component id="oc-18a">
         <name>.debug_line</name>
         <load_address>0x1ecb</load_address>
         <run_address>0x1ecb</run_address>
         <size>0x34</size>
         <input_file_ref idref="fl-b"/>
      </object_component>
      <object_component id="oc-194">
         <name>.debug_line</name>
         <load_address>0x1eff</load_address>
         <run_address>0x1eff</run_address>
         <size>0x33</size>
         <input_file_ref idref="fl-b"/>
      </object_component>
      <object_component id="oc-b7">
         <name>.debug_line</name>
         <load_address>0x1f32</load_address>
         <run_address>0x1f32</run_address>
         <size>0x79</size>
         <input_file_ref idref="fl-c6"/>
      </object_component>
      <object_component id="oc-47">
         <name>.debug_line</name>
         <load_address>0x1fab</load_address>
         <run_address>0x1fab</run_address>
         <size>0x88</size>
         <input_file_ref idref="fl-c7"/>
      </object_component>
      <object_component id="oc-128">
         <name>.debug_line</name>
         <load_address>0x2033</load_address>
         <run_address>0x2033</run_address>
         <size>0xa6</size>
         <input_file_ref idref="fl-c8"/>
      </object_component>
      <object_component id="oc-59">
         <name>.debug_line</name>
         <load_address>0x20d9</load_address>
         <run_address>0x20d9</run_address>
         <size>0x4f</size>
         <input_file_ref idref="fl-c8"/>
      </object_component>
      <object_component id="oc-b0">
         <name>.debug_line</name>
         <load_address>0x2128</load_address>
         <run_address>0x2128</run_address>
         <size>0x34</size>
         <input_file_ref idref="fl-c8"/>
      </object_component>
      <object_component id="oc-125">
         <name>.debug_line</name>
         <load_address>0x215c</load_address>
         <run_address>0x215c</run_address>
         <size>0x92</size>
         <input_file_ref idref="fl-c8"/>
      </object_component>
      <object_component id="oc-ab">
         <name>.debug_line</name>
         <load_address>0x21ee</load_address>
         <run_address>0x21ee</run_address>
         <size>0x20</size>
         <input_file_ref idref="fl-c9"/>
      </object_component>
      <object_component id="oc-1c">
         <name>.debug_line</name>
         <load_address>0x220e</load_address>
         <run_address>0x220e</run_address>
         <size>0x55</size>
         <input_file_ref idref="fl-c9"/>
      </object_component>
      <object_component id="oc-4c">
         <name>.debug_line</name>
         <load_address>0x2263</load_address>
         <run_address>0x2263</run_address>
         <size>0x3a</size>
         <input_file_ref idref="fl-c9"/>
      </object_component>
      <object_component id="oc-a8">
         <name>.debug_line</name>
         <load_address>0x229d</load_address>
         <run_address>0x229d</run_address>
         <size>0x92</size>
         <input_file_ref idref="fl-c9"/>
      </object_component>
      <object_component id="oc-121">
         <name>.debug_line</name>
         <load_address>0x232f</load_address>
         <run_address>0x232f</run_address>
         <size>0x20</size>
         <input_file_ref idref="fl-ca"/>
      </object_component>
      <object_component id="oc-17">
         <name>.debug_line</name>
         <load_address>0x234f</load_address>
         <run_address>0x234f</run_address>
         <size>0xa9</size>
         <input_file_ref idref="fl-ca"/>
      </object_component>
      <object_component id="oc-3c">
         <name>.debug_line</name>
         <load_address>0x23f8</load_address>
         <run_address>0x23f8</run_address>
         <size>0x3a</size>
         <input_file_ref idref="fl-ca"/>
      </object_component>
      <object_component id="oc-11e">
         <name>.debug_line</name>
         <load_address>0x2432</load_address>
         <run_address>0x2432</run_address>
         <size>0x9a</size>
         <input_file_ref idref="fl-ca"/>
      </object_component>
      <object_component id="oc-a1">
         <name>.debug_line</name>
         <load_address>0x24cc</load_address>
         <run_address>0x24cc</run_address>
         <size>0x96</size>
         <input_file_ref idref="fl-ca"/>
      </object_component>
      <object_component id="oc-74">
         <name>.debug_line</name>
         <load_address>0x2562</load_address>
         <run_address>0x2562</run_address>
         <size>0x33</size>
         <input_file_ref idref="fl-cb"/>
      </object_component>
      <object_component id="oc-64">
         <name>.debug_line</name>
         <load_address>0x2595</load_address>
         <run_address>0x2595</run_address>
         <size>0x56</size>
         <input_file_ref idref="fl-cb"/>
      </object_component>
      <object_component id="oc-28b">
         <name>.debug_line</name>
         <load_address>0x25eb</load_address>
         <run_address>0x25eb</run_address>
         <size>0xbf</size>
         <input_file_ref idref="fl-cc"/>
      </object_component>
      <object_component id="oc-157">
         <name>.debug_line</name>
         <load_address>0x26aa</load_address>
         <run_address>0x26aa</run_address>
         <size>0x6c</size>
         <input_file_ref idref="fl-cc"/>
      </object_component>
      <object_component id="oc-28f">
         <name>.debug_line</name>
         <load_address>0x2716</load_address>
         <run_address>0x2716</run_address>
         <size>0x2e</size>
         <input_file_ref idref="fl-cc"/>
      </object_component>
      <object_component id="oc-2af">
         <name>.debug_line</name>
         <load_address>0x2744</load_address>
         <run_address>0x2744</run_address>
         <size>0x9a</size>
         <input_file_ref idref="fl-cc"/>
      </object_component>
      <object_component id="oc-294">
         <name>.debug_line</name>
         <load_address>0x27de</load_address>
         <run_address>0x27de</run_address>
         <size>0x97</size>
         <input_file_ref idref="fl-cc"/>
      </object_component>
      <object_component id="oc-299">
         <name>.debug_line</name>
         <load_address>0x2875</load_address>
         <run_address>0x2875</run_address>
         <size>0x93</size>
         <input_file_ref idref="fl-cc"/>
      </object_component>
      <object_component id="oc-ba">
         <name>.debug_line</name>
         <load_address>0x2908</load_address>
         <run_address>0x2908</run_address>
         <size>0x40</size>
         <input_file_ref idref="fl-cd"/>
      </object_component>
      <object_component id="oc-14c">
         <name>.debug_line</name>
         <load_address>0x2948</load_address>
         <run_address>0x2948</run_address>
         <size>0x3c</size>
         <input_file_ref idref="fl-cf"/>
      </object_component>
      <object_component id="oc-2a2">
         <name>.debug_line</name>
         <load_address>0x2984</load_address>
         <run_address>0x2984</run_address>
         <size>0x82</size>
         <input_file_ref idref="fl-d2"/>
      </object_component>
      <object_component id="oc-2a6">
         <name>.debug_line</name>
         <load_address>0x2a06</load_address>
         <run_address>0x2a06</run_address>
         <size>0x7c</size>
         <input_file_ref idref="fl-d2"/>
      </object_component>
      <object_component id="oc-1f7">
         <name>.debug_line</name>
         <load_address>0x2a82</load_address>
         <run_address>0x2a82</run_address>
         <size>0xb2</size>
         <input_file_ref idref="fl-d2"/>
      </object_component>
      <object_component id="oc-267">
         <name>.debug_line</name>
         <load_address>0x2b34</load_address>
         <run_address>0x2b34</run_address>
         <size>0xa2</size>
         <input_file_ref idref="fl-d2"/>
      </object_component>
      <object_component id="oc-1f1">
         <name>.debug_line</name>
         <load_address>0x2bd6</load_address>
         <run_address>0x2bd6</run_address>
         <size>0x131</size>
         <input_file_ref idref="fl-d2"/>
      </object_component>
      <object_component id="oc-274">
         <name>.debug_line</name>
         <load_address>0x2d07</load_address>
         <run_address>0x2d07</run_address>
         <size>0xa5</size>
         <input_file_ref idref="fl-d2"/>
      </object_component>
      <object_component id="oc-1fd">
         <name>.debug_line</name>
         <load_address>0x2dac</load_address>
         <run_address>0x2dac</run_address>
         <size>0x10e</size>
         <input_file_ref idref="fl-d2"/>
      </object_component>
      <object_component id="oc-1d9">
         <name>.debug_line</name>
         <load_address>0x2eba</load_address>
         <run_address>0x2eba</run_address>
         <size>0xa9</size>
         <input_file_ref idref="fl-d2"/>
      </object_component>
      <object_component id="oc-1eb">
         <name>.debug_line</name>
         <load_address>0x2f63</load_address>
         <run_address>0x2f63</run_address>
         <size>0x91</size>
         <input_file_ref idref="fl-d2"/>
      </object_component>
      <object_component id="oc-1e5">
         <name>.debug_line</name>
         <load_address>0x2ff4</load_address>
         <run_address>0x2ff4</run_address>
         <size>0xd0</size>
         <input_file_ref idref="fl-d2"/>
      </object_component>
      <object_component id="oc-26d">
         <name>.debug_line</name>
         <load_address>0x30c4</load_address>
         <run_address>0x30c4</run_address>
         <size>0x7c</size>
         <input_file_ref idref="fl-d2"/>
      </object_component>
      <object_component id="oc-1ba">
         <name>.debug_line</name>
         <load_address>0x3140</load_address>
         <run_address>0x3140</run_address>
         <size>0x69</size>
         <input_file_ref idref="fl-d2"/>
      </object_component>
      <object_component id="oc-27b">
         <name>.debug_line</name>
         <load_address>0x31a9</load_address>
         <run_address>0x31a9</run_address>
         <size>0x82</size>
         <input_file_ref idref="fl-d3"/>
      </object_component>
      <object_component id="oc-29e">
         <name>.debug_line</name>
         <load_address>0x322b</load_address>
         <run_address>0x322b</run_address>
         <size>0x7d</size>
         <input_file_ref idref="fl-d3"/>
      </object_component>
      <object_component id="oc-141">
         <name>.debug_line</name>
         <load_address>0x32a8</load_address>
         <run_address>0x32a8</run_address>
         <size>0x92</size>
         <input_file_ref idref="fl-d3"/>
      </object_component>
      <object_component id="oc-24f">
         <name>.debug_line</name>
         <load_address>0x333a</load_address>
         <run_address>0x333a</run_address>
         <size>0x95</size>
         <input_file_ref idref="fl-d3"/>
      </object_component>
      <object_component id="oc-255">
         <name>.debug_line</name>
         <load_address>0x33cf</load_address>
         <run_address>0x33cf</run_address>
         <size>0xd1</size>
         <input_file_ref idref="fl-d3"/>
      </object_component>
      <object_component id="oc-210">
         <name>.debug_line</name>
         <load_address>0x34a0</load_address>
         <run_address>0x34a0</run_address>
         <size>0x99</size>
         <input_file_ref idref="fl-d3"/>
      </object_component>
      <object_component id="oc-1d4">
         <name>.debug_line</name>
         <load_address>0x3539</load_address>
         <run_address>0x3539</run_address>
         <size>0x93</size>
         <input_file_ref idref="fl-d3"/>
      </object_component>
      <object_component id="oc-1ce">
         <name>.debug_line</name>
         <load_address>0x35cc</load_address>
         <run_address>0x35cc</run_address>
         <size>0xa7</size>
         <input_file_ref idref="fl-d3"/>
      </object_component>
      <object_component id="oc-23f">
         <name>.debug_line</name>
         <load_address>0x3673</load_address>
         <run_address>0x3673</run_address>
         <size>0x13d</size>
         <input_file_ref idref="fl-d5"/>
      </object_component>
      <object_component id="oc-2a4">
         <name>.debug_line</name>
         <load_address>0x37b0</load_address>
         <run_address>0x37b0</run_address>
         <size>0x7f</size>
         <input_file_ref idref="fl-d5"/>
      </object_component>
      <object_component id="oc-1c7">
         <name>.debug_line</name>
         <load_address>0x382f</load_address>
         <run_address>0x382f</run_address>
         <size>0x94</size>
         <input_file_ref idref="fl-d5"/>
      </object_component>
      <object_component id="oc-1c1">
         <name>.debug_line</name>
         <load_address>0x38c3</load_address>
         <run_address>0x38c3</run_address>
         <size>0x94</size>
         <input_file_ref idref="fl-d5"/>
      </object_component>
      <object_component id="oc-12f">
         <name>.debug_line</name>
         <load_address>0x3957</load_address>
         <run_address>0x3957</run_address>
         <size>0xee</size>
         <input_file_ref idref="fl-d5"/>
      </object_component>
      <object_component id="oc-1df">
         <name>.debug_line</name>
         <load_address>0x3a45</load_address>
         <run_address>0x3a45</run_address>
         <size>0x11a</size>
         <input_file_ref idref="fl-d5"/>
      </object_component>
      <object_component id="oc-243">
         <name>.debug_line</name>
         <load_address>0x3b5f</load_address>
         <run_address>0x3b5f</run_address>
         <size>0x7f</size>
         <input_file_ref idref="fl-d5"/>
      </object_component>
      <object_component id="oc-c4">
         <name>.debug_frame</name>
         <load_address>0x0</load_address>
         <run_address>0x0</run_address>
         <size>0xbc</size>
         <input_file_ref idref="fl-2"/>
      </object_component>
      <object_component id="oc-29">
         <name>.debug_frame</name>
         <load_address>0xbc</load_address>
         <run_address>0xbc</run_address>
         <size>0x90</size>
         <input_file_ref idref="fl-3"/>
      </object_component>
      <object_component id="oc-136">
         <name>.debug_frame</name>
         <load_address>0x14c</load_address>
         <run_address>0x14c</run_address>
         <size>0x90</size>
         <input_file_ref idref="fl-4"/>
      </object_component>
      <object_component id="oc-13c">
         <name>.debug_frame</name>
         <load_address>0x1dc</load_address>
         <run_address>0x1dc</run_address>
         <size>0x58</size>
         <input_file_ref idref="fl-5"/>
      </object_component>
      <object_component id="oc-e0">
         <name>.debug_frame</name>
         <load_address>0x234</load_address>
         <run_address>0x234</run_address>
         <size>0x9c</size>
         <input_file_ref idref="fl-6"/>
      </object_component>
      <object_component id="oc-e6">
         <name>.debug_frame</name>
         <load_address>0x2d0</load_address>
         <run_address>0x2d0</run_address>
         <size>0xb8</size>
         <input_file_ref idref="fl-7"/>
      </object_component>
      <object_component id="oc-34">
         <name>.debug_frame</name>
         <load_address>0x388</load_address>
         <run_address>0x388</run_address>
         <size>0x110</size>
         <input_file_ref idref="fl-8"/>
      </object_component>
      <object_component id="oc-81">
         <name>.debug_frame</name>
         <load_address>0x498</load_address>
         <run_address>0x498</run_address>
         <size>0x6ec</size>
         <input_file_ref idref="fl-b"/>
      </object_component>
      <object_component id="oc-5a">
         <name>.debug_frame</name>
         <load_address>0xb84</load_address>
         <run_address>0xb84</run_address>
         <size>0x54</size>
         <input_file_ref idref="fl-c8"/>
      </object_component>
      <object_component id="oc-1d">
         <name>.debug_frame</name>
         <load_address>0xbd8</load_address>
         <run_address>0xbd8</run_address>
         <size>0x54</size>
         <input_file_ref idref="fl-c9"/>
      </object_component>
      <object_component id="oc-16">
         <name>.debug_frame</name>
         <load_address>0xc2c</load_address>
         <run_address>0xc2c</run_address>
         <size>0x60</size>
         <input_file_ref idref="fl-ca"/>
      </object_component>
      <object_component id="oc-63">
         <name>.debug_frame</name>
         <load_address>0xc8c</load_address>
         <run_address>0xc8c</run_address>
         <size>0x58</size>
         <input_file_ref idref="fl-cb"/>
      </object_component>
      <object_component id="oc-158">
         <name>.debug_frame</name>
         <load_address>0xce4</load_address>
         <run_address>0xce4</run_address>
         <size>0x5c</size>
         <input_file_ref idref="fl-cc"/>
      </object_component>
      <object_component id="oc-be">
         <name>.debug_frame</name>
         <load_address>0xd40</load_address>
         <run_address>0xd40</run_address>
         <size>0x54</size>
         <input_file_ref idref="fl-cd"/>
      </object_component>
      <object_component id="oc-14b">
         <name>.debug_frame</name>
         <load_address>0xd94</load_address>
         <run_address>0xd94</run_address>
         <size>0x54</size>
         <input_file_ref idref="fl-cf"/>
      </object_component>
      <object_component id="oc-1f8">
         <name>.debug_frame</name>
         <load_address>0xde8</load_address>
         <run_address>0xde8</run_address>
         <size>0x7f</size>
         <input_file_ref idref="fl-d2"/>
      </object_component>
      <object_component id="oc-268">
         <name>.debug_frame</name>
         <load_address>0xe67</load_address>
         <run_address>0xe67</run_address>
         <size>0x8a</size>
         <input_file_ref idref="fl-d2"/>
      </object_component>
      <object_component id="oc-1f2">
         <name>.debug_frame</name>
         <load_address>0xef1</load_address>
         <run_address>0xef1</run_address>
         <size>0x97</size>
         <input_file_ref idref="fl-d2"/>
      </object_component>
      <object_component id="oc-275">
         <name>.debug_frame</name>
         <load_address>0xf88</load_address>
         <run_address>0xf88</run_address>
         <size>0x8a</size>
         <input_file_ref idref="fl-d2"/>
      </object_component>
      <object_component id="oc-1fe">
         <name>.debug_frame</name>
         <load_address>0x1012</load_address>
         <run_address>0x1012</run_address>
         <size>0x93</size>
         <input_file_ref idref="fl-d2"/>
      </object_component>
      <object_component id="oc-1da">
         <name>.debug_frame</name>
         <load_address>0x10a5</load_address>
         <run_address>0x10a5</run_address>
         <size>0x7f</size>
         <input_file_ref idref="fl-d2"/>
      </object_component>
      <object_component id="oc-1ec">
         <name>.debug_frame</name>
         <load_address>0x1124</load_address>
         <run_address>0x1124</run_address>
         <size>0x7f</size>
         <input_file_ref idref="fl-d2"/>
      </object_component>
      <object_component id="oc-1e6">
         <name>.debug_frame</name>
         <load_address>0x11a3</load_address>
         <run_address>0x11a3</run_address>
         <size>0x8e</size>
         <input_file_ref idref="fl-d2"/>
      </object_component>
      <object_component id="oc-142">
         <name>.debug_frame</name>
[...]
      <symbol id="sm-84">
         <name>vInitialization_Task</name>
         <value>0x1fbb</value>
         <object_component_ref idref="oc-bf"/>
      </symbol>
      <symbol id="sm-a0">
         <name>ResetISR</name>
         <value>0x2ea9</value>
         <object_component_ref idref="oc-24"/>
      </symbol>
      <symbol id="sm-a1">
         <name>g_pfnVectors</name>
         <value>0x0</value>
         <object_component_ref idref="oc-f"/>
      </symbol>
      <symbol id="sm-c6">
         <name>VidMCAN_Transmit</name>
         <value>0x2549</value>
         <object_component_ref idref="oc-131"/>
      </symbol>
      <symbol id="sm-c7">
         <name>Can_Recieve</name>
         <value>0x24e7</value>
         <object_component_ref idref="oc-131"/>
      </symbol>
      <symbol id="sm-c8">
         <name>Can_Initalization</name>
         <value>0x2495</value>
         <object_component_ref idref="oc-131"/>
      </symbol>
      <symbol id="sm-d6">
         <name>Led_Initalization</name>
         <value>0x2e1d</value>
         <object_component_ref idref="oc-137"/>
      </symbol>
      <symbol id="sm-106">
         <name>vPortInitialiseBlocks</name>
         <value>0x2a0f</value>
         <object_component_ref idref="oc-db"/>
      </symbol>
      <symbol id="sm-107">
         <name>xPortGetFreeHeapSize</name>
         <value>0x2a17</value>
         <object_component_ref idref="oc-db"/>
      </symbol>
      <symbol id="sm-108">
         <name>pvPortMalloc</name>
         <value>0x2995</value>
         <object_component_ref idref="oc-db"/>
      </symbol>
      <symbol id="sm-109">
         <name>vPortFree</name>
         <value>0x2a05</value>
         <object_component_ref idref="oc-db"/>
      </symbol>
      <symbol id="sm-11f">
         <name>uxListRemove</name>
         <value>0x244b</value>
         <object_component_ref idref="oc-e1"/>
      </symbol>
      <symbol id="sm-120">
         <name>vListInsert</name>
         <value>0x23dd</value>
         <object_component_ref idref="oc-e1"/>
      </symbol>
      <symbol id="sm-121">
         <name>vListInitialiseItem</name>
         <value>0x2391</value>
         <object_component_ref idref="oc-e1"/>
      </symbol>
      <symbol id="sm-122">
         <name>vListInsertEnd</name>
         <value>0x23a1</value>
         <object_component_ref idref="oc-e1"/>
      </symbol>
      <symbol id="sm-123">
         <name>vListInitialise</name>
         <value>0x2361</value>
         <object_component_ref idref="oc-e1"/>
      </symbol>
      <symbol id="sm-160">
         <name>ulMaxSyscallInterruptPriority</name>
         <value>0x2ff0</value>
         <object_component_ref idref="oc-79"/>
      </symbol>
      <symbol id="sm-161">
         <name>vPortSetupTimerInterrupt</name>
         <value>0x1ee5</value>
         <object_component_ref idref="oc-2f"/>
      </symbol>
      <symbol id="sm-162">
         <name>vPortEndScheduler</name>
         <value>0x1e87</value>
         <object_component_ref idref="oc-2f"/>
      </symbol>
      <symbol id="sm-163">
         <name>xPortSysTickHandler</name>
         <value>0x1ebf</value>
         <object_component_ref idref="oc-2f"/>
      </symbol>
      <symbol id="sm-164">
         <name>vPortValidateInterruptPriority</name>
         <value>0x1f01</value>
         <object_component_ref idref="oc-2f"/>
      </symbol>
      <symbol id="sm-165">
         <name>pxPortInitialiseStack</name>
         <value>0x1d89</value>
         <object_component_ref idref="oc-2f"/>
      </symbol>
      <symbol id="sm-166">
         <name>vPortExitCritical</name>
         <value>0x1ea9</value>
         <object_component_ref idref="oc-2f"/>
      </symbol>
      <symbol id="sm-167">
         <name>xPortStartScheduler</name>
         <value>0x1df3</value>
         <object_component_ref idref="oc-2f"/>
      </symbol>
      <symbol id="sm-168">
         <name>vPortEnterCritical</name>
         <value>0x1e89</value>
         <object_component_ref idref="oc-2f"/>
      </symbol>
      <symbol id="sm-177">
         <name>vPortStartFirstTask</name>
         <value>0x2961</value>
         <object_component_ref idref="oc-2a"/>
      </symbol>
      <symbol id="sm-178">
         <name>ulPortGetIPSR</name>
         <value>0x28c9</value>
         <object_component_ref idref="oc-2a"/>
      </symbol>
      <symbol id="sm-179">
         <name>vPortEnableVFP</name>
         <value>0x2985</value>
         <object_component_ref idref="oc-2a"/>
      </symbol>
      <symbol id="sm-17a">
         <name>xPortPendSVHandler</name>
         <value>0x28e1</value>
         <object_component_ref idref="oc-2a"/>
      </symbol>
      <symbol id="sm-17b">
         <name>vPortSVCHandler</name>
         <value>0x2941</value>
         <object_component_ref idref="oc-2a"/>
      </symbol>
      <symbol id="sm-39b">
         <name>vTaskDelay</name>
         <value>0x5c1</value>
         <object_component_ref idref="oc-7c"/>
      </symbol>
      <symbol id="sm-39c">
         <name>vTaskSuspendAll</name>
         <value>0xabb</value>
         <object_component_ref idref="oc-7c"/>
      </symbol>
      <symbol id="sm-39d">
         <name>vTaskPlaceOnEventList</name>
         <value>0x10a3</value>
         <object_component_ref idref="oc-7c"/>
      </symbol>
      <symbol id="sm-39e">
         <name>vTaskSetTaskNumber</name>
         <value>0x1307</value>
         <object_component_ref idref="oc-7c"/>
      </symbol>
      <symbol id="sm-39f">
         <name>uxTaskPriorityGetFromISR</name>
         <value>0x6e1</value>
         <object_component_ref idref="oc-7c"/>
      </symbol>
      <symbol id="sm-3a0">
         <name>ulTaskNotifyTake</name>
         <value>0x1899</value>
         <object_component_ref idref="oc-7c"/>
      </symbol>
      <symbol id="sm-3a1">
         <name>pcTaskGetName</name>
         <value>0xc0b</value>
         <object_component_ref idref="oc-7c"/>
      </symbol>
      <symbol id="sm-3a2">
         <name>xTaskCheckForTimeOut</name>
         <value>0x1239</value>
         <object_component_ref idref="oc-7c"/>
      </symbol>
      <symbol id="sm-3a3">
         <name>vTaskRemoveFromUnorderedEventList</name>
         <value>0x1189</value>
         <object_component_ref idref="oc-7c"/>
      </symbol>
      <symbol id="sm-3a4">
         <name>vTaskPrioritySet</name>
         <value>0x731</value>
         <object_component_ref idref="oc-7c"/>
      </symbol>
      <symbol id="sm-3a5">
         <name>xTaskPriorityDisinherit</name>
         <value>0x170f</value>
         <object_component_ref idref="oc-7c"/>
      </symbol>
      <symbol id="sm-3a6">
         <name>xTaskAbortDelay</name>
         <value>0xe7d</value>
         <object_component_ref idref="oc-7c"/>
      </symbol>
      <symbol id="sm-3a7">
         <name>vTaskStartScheduler</name>
         <value>0xa55</value>
         <object_component_ref idref="oc-7c"/>
      </symbol>
      <symbol id="sm-3a8">
         <name>vTaskInternalSetTimeOutState</name>
         <value>0x1219</value>
         <object_component_ref idref="oc-7c"/>
      </symbol>
      <symbol id="sm-3a9">
         <name>xTaskNotifyStateClear</name>
         <value>0x1c81</value>
         <object_component_ref idref="oc-7c"/>
      </symbol>
      <symbol id="sm-3aa">
         <name>pvTaskIncrementMutexHeldCount</name>
         <value>0x1879</value>
         <object_component_ref idref="oc-7c"/>
      </symbol>
      <symbol id="sm-3ab">
         <name>uxTaskGetStackHighWaterMark</name>
         <value>0x157d</value>
         <object_component_ref idref="oc-7c"/>
      </symbol>
      <symbol id="sm-3ac">
         <name>xTaskGenericNotify</name>
         <value>0x19cb</value>
         <object_component_ref idref="oc-7c"/>
      </symbol>
      <symbol id="sm-3ad">
         <name>vTaskPriorityDisinheritAfterTimeout</name>
         <value>0x1795</value>
         <object_component_ref idref="oc-7c"/>
      </symbol>
      <symbol id="sm-3ae">
         <name>xTaskCreate</name>
         <value>0x26d</value>
         <object_component_ref idref="oc-7c"/>
      </symbol>
      <symbol id="sm-3af">
         <name>vTaskDelayUntil</name>
         <value>0x513</value>
         <object_component_ref idref="oc-7c"/>
      </symbol>
      <symbol id="sm-3b0">
         <name>uxTaskGetTaskNumber</name>
         <value>0x12e7</value>
         <object_component_ref idref="oc-7c"/>
      </symbol>
      <symbol id="sm-3b1">
         <name>vTaskEndScheduler</name>
         <value>0xa9f</value>
         <object_component_ref idref="oc-7c"/>
      </symbol>
      <symbol id="sm-3b2">
         <name>xTaskNotifyWait</name>
         <value>0x1921</value>
         <object_component_ref idref="oc-7c"/>
      </symbol>
      <symbol id="sm-3b3">
         <name>vTaskMissedYield</name>
         <value>0x12df</value>
         <object_component_ref idref="oc-7c"/>
      </symbol>
      <symbol id="sm-3b4">
         <name>uxTaskGetNumberOfTasks</name>
         <value>0xc05</value>
         <object_component_ref idref="oc-7c"/>
      </symbol>
      <symbol id="sm-3b5">
         <name>xTaskGenericNotifyFromISR</name>
         <value>0x1abd</value>
         <object_component_ref idref="oc-7c"/>
      </symbol>
      <symbol id="sm-3b6">
         <name>vTaskGetInfo</name>
         <value>0x13e9</value>
         <object_component_ref idref="oc-7c"/>
      </symbol>
      <symbol id="sm-3b7">
         <name>uxTaskPriorityGet</name>
         <value>0x6b1</value>
         <object_component_ref idref="oc-7c"/>
      </symbol>
      <symbol id="sm-3b8">
         <name>xTaskResumeAll</name>
         <value>0xad1</value>
         <object_component_ref idref="oc-7c"/>
      </symbol>
      <symbol id="sm-3b9">
         <name>xTaskGetHandle</name>
         <value>0xd11</value>
         <object_component_ref idref="oc-7c"/>
      </symbol>
      <symbol id="sm-3ba">
         <name>xTaskGetTickCount</name>
         <value>0xbb9</value>
         <object_component_ref idref="oc-7c"/>
      </symbol>
      <symbol id="sm-3bb">
         <name>uxTaskGetSystemState</name>
         <value>0xd9d</value>
         <object_component_ref idref="oc-7c"/>
      </symbol>
      <symbol id="sm-3bc">
         <name>vTaskDelete</name>
         <value>0x483</value>
         <object_component_ref idref="oc-7c"/>
      </symbol>
      <symbol id="sm-3bd">
         <name>pxCurrentTCB</name>
         <value>0x200050f0</value>
         <object_component_ref idref="oc-76"/>
      </symbol>
      <symbol id="sm-3be">
         <name>vTaskNotifyGiveFromISR</name>
         <value>0x1bcd</value>
         <object_component_ref idref="oc-7c"/>
      </symbol>
      <symbol id="sm-3bf">
         <name>eTaskGetState</name>
         <value>0x605</value>
         <object_component_ref idref="oc-7c"/>
      </symbol>
      <symbol id="sm-3c0">
         <name>vTaskSuspend</name>
         <value>0x845</value>
         <object_component_ref idref="oc-7c"/>
      </symbol>
      <symbol id="sm-3c1">
         <name>xTaskGetIdleTaskHandle</name>
         <value>0xe6f</value>
         <object_component_ref idref="oc-7c"/>
      </symbol>
      <symbol id="sm-3c2">
         <name>xTaskGetTickCountFromISR</name>
         <value>0xbd1</value>
         <object_component_ref idref="oc-7c"/>
      </symbol>
      <symbol id="sm-3c3">
         <name>vTaskResume</name>
         <value>0x939</value>
         <object_component_ref idref="oc-7c"/>
      </symbol>
      <symbol id="sm-3c4">
         <name>vTaskSetTimeOutState</name>
         <value>0x11f1</value>
         <object_component_ref idref="oc-7c"/>
      </symbol>
      <symbol id="sm-3c5">
         <name>xTaskIncrementTick</name>
         <value>0xf09</value>
         <object_component_ref idref="oc-7c"/>
      </symbol>
      <symbol id="sm-3c6">
         <name>vTaskSwitchContext</name>
         <value>0x101d</value>
         <object_component_ref idref="oc-7c"/>
      </symbol>
      <symbol id="sm-3c7">
         <name>uxTaskResetEventItemValue</name>
         <value>0x184d</value>
         <object_component_ref idref="oc-7c"/>
      </symbol>
      <symbol id="sm-3c8">
         <name>xTaskGetSchedulerState</name>
         <value>0x1621</value>
         <object_component_ref idref="oc-7c"/>
      </symbol>
      <symbol id="sm-3c9">
         <name>xTaskResumeFromISR</name>
         <value>0x9b7</value>
         <object_component_ref idref="oc-7c"/>
      </symbol>
      <symbol id="sm-3ca">
         <name>xTaskGetCurrentTaskHandle</name>
         <value>0x15f5</value>
         <object_component_ref idref="oc-7c"/>
      </symbol>
      <symbol id="sm-3cb">
         <name>vTaskPlaceOnUnorderedEventList</name>
         <value>0x10c3</value>
         <object_component_ref idref="oc-7c"/>
      </symbol>
      <symbol id="sm-3cc">
         <name>xTaskRemoveFromEventList</name>
         <value>0x10f9</value>
         <object_component_ref idref="oc-7c"/>
      </symbol>
      <symbol id="sm-3cd">
         <name>xTaskPriorityInherit</name>
         <value>0x1651</value>
         <object_component_ref idref="oc-7c"/>
      </symbol>
      <symbol id="sm-3dc">
         <name>__aeabi_memset</name>
         <value>0x2acf</value>
         <object_component_ref idref="oc-b3"/>
      </symbol>
      <symbol id="sm-3dd">
         <name>memset</name>
         <value>0x2ad5</value>
         <object_component_ref idref="oc-b3"/>
      </symbol>
      <symbol id="sm-3de">
         <name>__aeabi_memset8</name>
         <value>0x2acf</value>
         <object_component_ref idref="oc-b3"/>
      </symbol>
      <symbol id="sm-3df">
         <name>__aeabi_memset4</name>
         <value>0x2acf</value>
         <object_component_ref idref="oc-b3"/>
      </symbol>
      <symbol id="sm-3e0">
         <name>__aeabi_memclr8</name>
         <value>0x2acd</value>
         <object_component_ref idref="oc-b3"/>
      </symbol>
      <symbol id="sm-3e1">
         <name>__aeabi_memclr4</name>
         <value>0x2acd</value>
         <object_component_ref idref="oc-b3"/>
      </symbol>
      <symbol id="sm-3e2">
         <name>__aeabi_memclr</name>
         <value>0x2acd</value>
         <object_component_ref idref="oc-b3"/>
      </symbol>
      <symbol id="sm-3fd">
         <name>memcpy</name>
         <value>0x2a31</value>
         <object_component_ref idref="oc-43"/>
      </symbol>
      <symbol id="sm-3fe">
         <name>__aeabi_memcpy</name>
         <value>0x2a31</value>
         <object_component_ref idref="oc-43"/>
      </symbol>
      <symbol id="sm-3ff">
         <name>__aeabi_memcpy8</name>
         <value>0x2a31</value>
         <object_component_ref idref="oc-43"/>
      </symbol>
      <symbol id="sm-400">
         <name>__aeabi_memcpy4</name>
         <value>0x2a31</value>
         <object_component_ref idref="oc-43"/>
      </symbol>
      <symbol id="sm-417">
         <name>__TI_zero_init</name>
         <value>0x2e9d</value>
         <object_component_ref idref="oc-55"/>
      </symbol>
      <symbol id="sm-42e">
         <name>__TI_decompress_none</name>
         <value>0x2e8f</value>
         <object_component_ref idref="oc-18"/>
      </symbol>
      <symbol id="sm-451">
         <name>__TI_decompress_lzss</name>
         <value>0x2bb5</value>
         <object_component_ref idref="oc-12"/>
      </symbol>
      <symbol id="sm-464">
         <name>__stack</name>
         <value>0x20004ef0</value>
         <object_component_ref idref="oc-21"/>
      </symbol>
      <symbol id="sm-465">
         <name>_c_int00_noargs</name>
         <value>0x2d5d</value>
         <object_component_ref idref="oc-61"/>
      </symbol>
      <symbol id="sm-48d">
         <name>__TI_auto_init_nobinit_nopinit</name>
         <value>0x2c65</value>
         <object_component_ref idref="oc-153"/>
      </symbol>
      <symbol id="sm-497">
         <name>_system_pre_init</name>
         <value>0x2ecb</value>
         <object_component_ref idref="oc-b9"/>
      </symbol>
      <symbol id="sm-4a3">
         <name>C$$EXIT</name>
         <value>0x2ecf</value>
         <object_component_ref idref="oc-147"/>
      </symbol>
      <symbol id="sm-4a4">
         <name>abort</name>
         <value>0x2ecf</value>
         <object_component_ref idref="oc-147"/>
      </symbol>
      <symbol id="sm-530">
         <name>CANMessageGet</name>
         <value>0x26b5</value>
         <object_component_ref idref="oc-1f9"/>
      </symbol>
      <symbol id="sm-531">
         <name>CANBitRateSet</name>
         <value>0x2b49</value>
         <object_component_ref idref="oc-1e1"/>
      </symbol>
      <symbol id="sm-532">
         <name>CANEnable</name>
         <value>0x2eb5</value>
         <object_component_ref idref="oc-1e7"/>
      </symbol>
      <symbol id="sm-533">
         <name>CANStatusGet</name>
         <value>0x2ca9</value>
         <object_component_ref idref="oc-1f3"/>
      </symbol>
      <symbol id="sm-534">
         <name>CANMessageSet</name>
         <value>0x20f9</value>
         <object_component_ref idref="oc-1ed"/>
      </symbol>
      <symbol id="sm-535">
         <name>CANInit</name>
         <value>0x2ce9</value>
         <object_component_ref idref="oc-1d5"/>
      </symbol>
      <symbol id="sm-577">
         <name>GPIOPinConfigure</name>
         <value>0x2c1d</value>
         <object_component_ref idref="oc-1c9"/>
      </symbol>
      <symbol id="sm-578">
         <name>GPIOPinTypeGPIOOutput</name>
         <value>0x2e65</value>
         <object_component_ref idref="oc-20b"/>
      </symbol>
      <symbol id="sm-579">
         <name>GPIODirModeSet</name>
         <value>0x2dc9</value>
         <object_component_ref idref="oc-24b"/>
      </symbol>
      <symbol id="sm-57a">
         <name>GPIOPinWrite</name>
         <value>0x2ebf</value>
         <object_component_ref idref="oc-13d"/>
      </symbol>
      <symbol id="sm-57b">
         <name>GPIOPadConfigSet</name>
         <value>0x222f</value>
         <object_component_ref idref="oc-251"/>
      </symbol>
      <symbol id="sm-57c">
         <name>GPIOPinTypeCAN</name>
         <value>0x2e7d</value>
         <object_component_ref idref="oc-1cf"/>
      </symbol>
      <symbol id="sm-5da">
         <name>SysCtlClockSet</name>
         <value>0x27c5</value>
         <object_component_ref idref="oc-12b"/>
      </symbol>
      <symbol id="sm-5db">
         <name>SysCtlDelay</name>
         <value>0x2ec5</value>
         <object_component_ref idref="oc-1b5"/>
      </symbol>
      <symbol id="sm-5dc">
         <name>SysCtlPeripheralEnable</name>
         <value>0x2d95</value>
         <object_component_ref idref="oc-1bd"/>
      </symbol>
      <symbol id="sm-5dd">
         <name>SysCtlClockGet</name>
         <value>0x25a5</value>
         <object_component_ref idref="oc-1db"/>
      </symbol>
      <symbol id="sm-5de">
         <name>SysCtlPeripheralReady</name>
         <value>0x2d25</value>
         <object_component_ref idref="oc-1c3"/>
      </symbol>
      <symbol id="sm-5e0">
         <name>__TI_static_base__</name>
         <value>0x0</value>
      </symbol>
      <symbol id="sm-5e3">
         <name>__mpu_init</name>
         <value>0x0</value>
      </symbol>
      <symbol id="sm-5e4">
         <name>_system_post_cinit</name>
         <value>0x0</value>
      </symbol>
   </symbol_table>
   <title>Link successful</title>
</link_info>
